Archive member included to satisfy reference by file (symbol)

C:/ST/STM32CubeCLT_1.17.0/GNU-tools-for-STM32/bin/../lib/gcc/arm-none-eabi/12.3.1/../../../../arm-none-eabi/lib/thumb/v7e-m+fp/hard\libc_nano.a(libc_a-exit.o)
                              C:/ST/STM32CubeCLT_1.17.0/GNU-tools-for-STM32/bin/../lib/gcc/arm-none-eabi/12.3.1/../../../../arm-none-eabi/lib/thumb/v7e-m+fp/hard/crt0.o (exit)
C:/ST/STM32CubeCLT_1.17.0/GNU-tools-for-STM32/bin/../lib/gcc/arm-none-eabi/12.3.1/../../../../arm-none-eabi/lib/thumb/v7e-m+fp/hard\libc_nano.a(libc_a-findfp.o)
                              C:/ST/STM32CubeCLT_1.17.0/GNU-tools-for-STM32/bin/../lib/gcc/arm-none-eabi/12.3.1/../../../../arm-none-eabi/lib/thumb/v7e-m+fp/hard\libc_nano.a(libc_a-exit.o) (__stdio_exit_handler)
C:/ST/STM32CubeCLT_1.17.0/GNU-tools-for-STM32/bin/../lib/gcc/arm-none-eabi/12.3.1/../../../../arm-none-eabi/lib/thumb/v7e-m+fp/hard\libc_nano.a(libc_a-fwalk.o)
                              C:/ST/STM32CubeCLT_1.17.0/GNU-tools-for-STM32/bin/../lib/gcc/arm-none-eabi/12.3.1/../../../../arm-none-eabi/lib/thumb/v7e-m+fp/hard\libc_nano.a(libc_a-findfp.o) (_fwalk_sglue)
C:/ST/STM32CubeCLT_1.17.0/GNU-tools-for-STM32/bin/../lib/gcc/arm-none-eabi/12.3.1/../../../../arm-none-eabi/lib/thumb/v7e-m+fp/hard\libc_nano.a(libc_a-stdio.o)
                              C:/ST/STM32CubeCLT_1.17.0/GNU-tools-for-STM32/bin/../lib/gcc/arm-none-eabi/12.3.1/../../../../arm-none-eabi/lib/thumb/v7e-m+fp/hard\libc_nano.a(libc_a-findfp.o) (__sread)
C:/ST/STM32CubeCLT_1.17.0/GNU-tools-for-STM32/bin/../lib/gcc/arm-none-eabi/12.3.1/../../../../arm-none-eabi/lib/thumb/v7e-m+fp/hard\libc_nano.a(libc_a-memset.o)
                              C:/ST/STM32CubeCLT_1.17.0/GNU-tools-for-STM32/bin/../lib/gcc/arm-none-eabi/12.3.1/../../../../arm-none-eabi/lib/thumb/v7e-m+fp/hard/crt0.o (memset)
C:/ST/STM32CubeCLT_1.17.0/GNU-tools-for-STM32/bin/../lib/gcc/arm-none-eabi/12.3.1/../../../../arm-none-eabi/lib/thumb/v7e-m+fp/hard\libc_nano.a(libc_a-closer.o)
                              C:/ST/STM32CubeCLT_1.17.0/GNU-tools-for-STM32/bin/../lib/gcc/arm-none-eabi/12.3.1/../../../../arm-none-eabi/lib/thumb/v7e-m+fp/hard\libc_nano.a(libc_a-stdio.o) (_close_r)
C:/ST/STM32CubeCLT_1.17.0/GNU-tools-for-STM32/bin/../lib/gcc/arm-none-eabi/12.3.1/../../../../arm-none-eabi/lib/thumb/v7e-m+fp/hard\libc_nano.a(libc_a-reent.o)
                              C:/ST/STM32CubeCLT_1.17.0/GNU-tools-for-STM32/bin/../lib/gcc/arm-none-eabi/12.3.1/../../../../arm-none-eabi/lib/thumb/v7e-m+fp/hard\libc_nano.a(libc_a-closer.o) (errno)
C:/ST/STM32CubeCLT_1.17.0/GNU-tools-for-STM32/bin/../lib/gcc/arm-none-eabi/12.3.1/../../../../arm-none-eabi/lib/thumb/v7e-m+fp/hard\libc_nano.a(libc_a-impure.o)
                              C:/ST/STM32CubeCLT_1.17.0/GNU-tools-for-STM32/bin/../lib/gcc/arm-none-eabi/12.3.1/../../../../arm-none-eabi/lib/thumb/v7e-m+fp/hard\libc_nano.a(libc_a-reent.o) (_impure_ptr)
C:/ST/STM32CubeCLT_1.17.0/GNU-tools-for-STM32/bin/../lib/gcc/arm-none-eabi/12.3.1/../../../../arm-none-eabi/lib/thumb/v7e-m+fp/hard\libc_nano.a(libc_a-lseekr.o)
                              C:/ST/STM32CubeCLT_1.17.0/GNU-tools-for-STM32/bin/../lib/gcc/arm-none-eabi/12.3.1/../../../../arm-none-eabi/lib/thumb/v7e-m+fp/hard\libc_nano.a(libc_a-stdio.o) (_lseek_r)
C:/ST/STM32CubeCLT_1.17.0/GNU-tools-for-STM32/bin/../lib/gcc/arm-none-eabi/12.3.1/../../../../arm-none-eabi/lib/thumb/v7e-m+fp/hard\libc_nano.a(libc_a-readr.o)
                              C:/ST/STM32CubeCLT_1.17.0/GNU-tools-for-STM32/bin/../lib/gcc/arm-none-eabi/12.3.1/../../../../arm-none-eabi/lib/thumb/v7e-m+fp/hard\libc_nano.a(libc_a-stdio.o) (_read_r)
C:/ST/STM32CubeCLT_1.17.0/GNU-tools-for-STM32/bin/../lib/gcc/arm-none-eabi/12.3.1/../../../../arm-none-eabi/lib/thumb/v7e-m+fp/hard\libc_nano.a(libc_a-writer.o)
                              C:/ST/STM32CubeCLT_1.17.0/GNU-tools-for-STM32/bin/../lib/gcc/arm-none-eabi/12.3.1/../../../../arm-none-eabi/lib/thumb/v7e-m+fp/hard\libc_nano.a(libc_a-stdio.o) (_write_r)
C:/ST/STM32CubeCLT_1.17.0/GNU-tools-for-STM32/bin/../lib/gcc/arm-none-eabi/12.3.1/../../../../arm-none-eabi/lib/thumb/v7e-m+fp/hard\libc_nano.a(libc_a-init.o)
                              C:/ST/STM32CubeCLT_1.17.0/GNU-tools-for-STM32/bin/../lib/gcc/arm-none-eabi/12.3.1/../../../../arm-none-eabi/lib/thumb/v7e-m+fp/hard/crt0.o (__libc_init_array)
C:/ST/STM32CubeCLT_1.17.0/GNU-tools-for-STM32/bin/../lib/gcc/arm-none-eabi/12.3.1/../../../../arm-none-eabi/lib/thumb/v7e-m+fp/hard\libc_nano.a(libc_a-lock.o)
                              C:/ST/STM32CubeCLT_1.17.0/GNU-tools-for-STM32/bin/../lib/gcc/arm-none-eabi/12.3.1/../../../../arm-none-eabi/lib/thumb/v7e-m+fp/hard\libc_nano.a(libc_a-findfp.o) (__retarget_lock_init_recursive)
C:/ST/STM32CubeCLT_1.17.0/GNU-tools-for-STM32/bin/../lib/gcc/arm-none-eabi/12.3.1/../../../../arm-none-eabi/lib/thumb/v7e-m+fp/hard\libc_nano.a(libc_a-freer.o)
[...]
Memory Configuration

Name             Origin             Length             Attributes
RAM              0x20000000         0x00008000         xrw
FLASH            0x08000000         0x00020000         xr
*default*        0x00000000         0xffffffff

Linker script and memory map

LOAD C:/ST/STM32CubeCLT_1.17.0/GNU-tools-for-STM32/bin/../lib/gcc/arm-none-eabi/12.3.1/thumb/v7e-m+fp/hard/crti.o
LOAD C:/ST/STM32CubeCLT_1.17.0/GNU-tools-for-STM32/bin/../lib/gcc/arm-none-eabi/12.3.1/thumb/v7e-m+fp/hard/crtbegin.o
LOAD C:/ST/STM32CubeCLT_1.17.0/GNU-tools-for-STM32/bin/../lib/gcc/arm-none-eabi/12.3.1/../../../../arm-none-eabi/lib/thumb/v7e-m+fp/hard/crt0.o
START GROUP
LOAD C:/ST/STM32CubeCLT_1.17.0/GNU-tools-for-STM32/bin/../lib/gcc/arm-none-eabi/12.3.1/../../../../arm-none-eabi/lib/thumb/v7e-m+fp/hard\libc_nano.a
LOAD C:/ST/STM32CubeCLT_1.17.0/GNU-tools-for-STM32/bin/../lib/gcc/arm-none-eabi/12.3.1/../../../../arm-none-eabi/lib/thumb/v7e-m+fp/hard\libm.a
END GROUP
LOAD CMakeFiles/hello_uart.dir/Core/Src/main.c.obj
LOAD CMakeFiles/hello_uart.dir/Core/Src/stm32g4xx_it.c.obj
LOAD CMakeFiles/hello_uart.dir/Core/Src/stm32g4xx_hal_msp.c.obj
LOAD CMakeFiles/hello_uart.dir/Drivers/BSP/STM32G4xx_Nucleo/stm32g4xx_nucleo.c.obj
LOAD CMakeFiles/hello_uart.dir/Drivers/STM32G4xx_HAL_Driver/Src/stm32g4xx_hal.c.obj
LOAD CMakeFiles/hello_uart.dir/Drivers/STM32G4xx_HAL_Driver/Src/stm32g4xx_hal_rcc.c.obj
LOAD CMakeFiles/hello_uart.dir/Drivers/STM32G4xx_HAL_Driver/Src/stm32g4xx_hal_rcc_ex.c.obj
LOAD CMakeFiles/hello_uart.dir/Drivers/STM32G4xx_HAL_Driver/Src/stm32g4xx_hal_flash.c.obj
LOAD CMakeFiles/hello_uart.dir/Drivers/STM32G4xx_HAL_Driver/Src/stm32g4xx_hal_flash_ex.c.obj
LOAD CMakeFiles/hello_uart.dir/Drivers/STM32G4xx_HAL_Driver/Src/stm32g4xx_hal_flash_ramfunc.c.obj
LOAD CMakeFiles/hello_uart.dir/Drivers/STM32G4xx_HAL_Driver/Src/stm32g4xx_hal_gpio.c.obj
LOAD CMakeFiles/hello_uart.dir/Drivers/STM32G4xx_HAL_Driver/Src/stm32g4xx_hal_exti.c.obj
LOAD CMakeFiles/hello_uart.dir/Drivers/STM32G4xx_HAL_Driver/Src/stm32g4xx_hal_dma.c.obj
LOAD CMakeFiles/hello_uart.dir/Drivers/STM32G4xx_HAL_Driver/Src/stm32g4xx_hal_dma_ex.c.obj
LOAD CMakeFiles/hello_uart.dir/Drivers/STM32G4xx_HAL_Driver/Src/stm32g4xx_hal_pwr.c.obj
LOAD CMakeFiles/hello_uart.dir/Drivers/STM32G4xx_HAL_Driver/Src/stm32g4xx_hal_pwr_ex.c.obj
LOAD CMakeFiles/hello_uart.dir/Drivers/STM32G4xx_HAL_Driver/Src/stm32g4xx_hal_cortex.c.obj
LOAD CMakeFiles/hello_uart.dir/Drivers/STM32G4xx_HAL_Driver/Src/stm32g4xx_hal_spi.c.obj
LOAD CMakeFiles/hello_uart.dir/Drivers/STM32G4xx_HAL_Driver/Src/stm32g4xx_hal_spi_ex.c.obj
LOAD CMakeFiles/hello_uart.dir/Drivers/STM32G4xx_HAL_Driver/Src/stm32g4xx_hal_uart.c.obj
LOAD CMakeFiles/hello_uart.dir/Drivers/STM32G4xx_HAL_Driver/Src/stm32g4xx_hal_uart_ex.c.obj
LOAD CMakeFiles/hello_uart.dir/Drivers/STM32G4xx_HAL_Driver/Src/stm32g4xx_hal_usart.c.obj
LOAD CMakeFiles/hello_uart.dir/Drivers/STM32G4xx_HAL_Driver/Src/stm32g4xx_hal_usart_ex.c.obj
LOAD CMakeFiles/hello_uart.dir/Core/Src/system_stm32g4xx.c.obj
LOAD CMakeFiles/hello_uart.dir/Core/Src/sysmem.c.obj
LOAD CMakeFiles/hello_uart.dir/Core/Src/syscalls.c.obj
LOAD CMakeFiles/hello_uart.dir/startup_stm32g431xx.s.obj
START GROUP
LOAD C:/ST/STM32CubeCLT_1.17.0/GNU-tools-for-STM32/bin/../lib/gcc/arm-none-eabi/12.3.1/thumb/v7e-m+fp/hard\libgcc.a
LOAD C:/ST/STM32CubeCLT_1.17.0/GNU-tools-for-STM32/bin/../lib/gcc/arm-none-eabi/12.3.1/../../../../arm-none-eabi/lib/thumb/v7e-m+fp/hard\libg_nano.a
LOAD C:/ST/STM32CubeCLT_1.17.0/GNU-tools-for-STM32/bin/../lib/gcc/arm-none-eabi/12.3.1/../../../../arm-none-eabi/lib/thumb/v7e-m+fp/hard\libc_nano.a
END GROUP
START GROUP
LOAD C:/ST/STM32CubeCLT_1.17.0/GNU-tools-for-STM32/bin/../lib/gcc/arm-none-eabi/12.3.1/thumb/v7e-m+fp/hard\libgcc.a
LOAD C:/ST/STM32CubeCLT_1.17.0/GNU-tools-for-STM32/bin/../lib/gcc/arm-none-eabi/12.3.1/../../../../arm-none-eabi/lib/thumb/v7e-m+fp/hard\libc_nano.a
END GROUP
LOAD C:/ST/STM32CubeCLT_1.17.0/GNU-tools-for-STM32/bin/../lib/gcc/arm-none-eabi/12.3.1/thumb/v7e-m+fp/hard/crtend.o
LOAD C:/ST/STM32CubeCLT_1.17.0/GNU-tools-for-STM32/bin/../lib/gcc/arm-none-eabi/12.3.1/thumb/v7e-m+fp/hard/crtn.o
                0x20008000                        _estack = (ORIGIN (RAM) + LENGTH (RAM))
                0x00000200                        _Min_Heap_Size = 0x200
                0x00000400                        _Min_Stack_Size = 0x400

.isr_vector     0x08000000      0x1d8
                0x08000000                        . = ALIGN (0x4)
 *(.isr_vector)
 .isr_vector    0x08000000      0x1d8 CMakeFiles/hello_uart.dir/startup_stm32g431xx.s.obj
                0x08000000                g_pfnVectors
                0x080001d8                        . = ALIGN (0x4)

.text           0x080001e0     0x6150
                0x080001e0                        . = ALIGN (0x4)
 *(.text)
 .text          0x080001e0       0x40 C:/ST/STM32CubeCLT_1.17.0/GNU-tools-for-STM32/bin/../lib/gcc/arm-none-eabi/12.3.1/thumb/v7e-m+fp/hard/crtbegin.o
 .text          0x08000220      0x378 C:/ST/STM32CubeCLT_1.17.0/GNU-tools-for-STM32/bin/../lib/gcc/arm-none-eabi/12.3.1/thumb/v7e-m+fp/hard\libgcc.a(_arm_addsubdf3.o)
                0x08000220                __aeabi_drsub
                0x08000228                __aeabi_dsub
                0x08000228                __subdf3
                0x0800022c                __aeabi_dadd
                0x0800022c                __adddf3
                0x080004a4                __floatunsidf
                0x080004a4                __aeabi_ui2d
                0x080004c4                __floatsidf
                0x080004c4                __aeabi_i2d
                0x080004e8                __aeabi_f2d
                0x080004e8                __extendsfdf2
                0x0800052c                __floatundidf
                0x0800052c                __aeabi_ul2d
                0x0800053c                __floatdidf
                0x0800053c                __aeabi_l2d
 .text          0x08000598      0x424 C:/ST/STM32CubeCLT_1.17.0/GNU-tools-for-STM32/bin/../lib/gcc/arm-none-eabi/12.3.1/thumb/v7e-m+fp/hard\libgcc.a(_arm_muldivdf3.o)
                0x08000598                __aeabi_dmul
                0x08000598                __muldf3
                0x080007ec                __divdf3
                0x080007ec                __aeabi_ddiv
 .text          0x080009bc      0x110 C:/ST/STM32CubeCLT_1.17.0/GNU-tools-for-STM32/bin/../lib/gcc/arm-none-eabi/12.3.1/thumb/v7e-m+fp/hard\libgcc.a(_arm_cmpdf2.o)
                0x080009bc                __gtdf2
                0x080009bc                __gedf2
                0x080009c4                __ltdf2
                0x080009c4                __ledf2
                0x080009cc                __nedf2
                0x080009cc                __eqdf2
                0x080009cc                __cmpdf2
                0x08000a48                __aeabi_cdrcmple
                0x08000a58                __aeabi_cdcmpeq
                0x08000a58                __aeabi_cdcmple
                0x08000a68                __aeabi_dcmpeq
                0x08000a7c                __aeabi_dcmplt
                0x08000a90                __aeabi_dcmple
                0x08000aa4                __aeabi_dcmpge
                0x08000ab8                __aeabi_dcmpgt
 .text          0x08000acc       0x30 C:/ST/STM32CubeCLT_1.17.0/GNU-tools-for-STM32/bin/../lib/gcc/arm-none-eabi/12.3.1/thumb/v7e-m+fp/hard\libgcc.a(_aeabi_uldivmod.o)
                0x08000acc                __aeabi_uldivmod
 .text          0x08000afc      0x2bc C:/ST/STM32CubeCLT_1.17.0/GNU-tools-for-STM32/bin/../lib/gcc/arm-none-eabi/12.3.1/thumb/v7e-m+fp/hard\libgcc.a(_udivmoddi4.o)
                0x08000afc                __udivmoddi4
 .text          0x08000db8        0x4 C:/ST/STM32CubeCLT_1.17.0/GNU-tools-for-STM32/bin/../lib/gcc/arm-none-eabi/12.3.1/thumb/v7e-m+fp/hard\libgcc.a(_dvmd_tls.o)
                0x08000db8                __aeabi_idiv0
                0x08000db8                __aeabi_ldiv0
 *fill*         0x08000dbc        0x4 
 .text          0x08000dc0       0xa0 C:/ST/STM32CubeCLT_1.17.0/GNU-tools-for-STM32/bin/../lib/gcc/arm-none-eabi/12.3.1/../../../../arm-none-eabi/lib/thumb/v7e-m+fp/hard\libg_nano.a(libc_a-memchr.o)
                0x08000dc0                memchr
 *(.text*)
 .text.memset   0x08000e60       0x10 C:/ST/STM32CubeCLT_1.17.0/GNU-tools-for-STM32/bin/../lib/gcc/arm-none-eabi/12.3.1/../../../../arm-none-eabi/lib/thumb/v7e-m+fp/hard\libc_nano.a(libc_a-memset.o)
                0x08000e60                memset
 .text.__libc_init_array
                0x08000e70       0x48 C:/ST/STM32CubeCLT_1.17.0/GNU-tools-for-STM32/bin/../lib/gcc/arm-none-eabi/12.3.1/../../../../arm-none-eabi/lib/thumb/v7e-m+fp/hard\libc_nano.a(libc_a-init.o)
                0x08000e70                __libc_init_array
 .text.__retarget_lock_acquire_recursive
                0x08000eb8        0x2 C:/ST/STM32CubeCLT_1.17.0/GNU-tools-for-STM32/bin/../lib/gcc/arm-none-eabi/12.3.1/../../../../arm-none-eabi/lib/thumb/v7e-m+fp/hard\libc_nano.a(libc_a-lock.o)
                0x08000eb8                __retarget_lock_acquire_recursive
 .text.__retarget_lock_release_recursive
                0x08000eba        0x2 C:/ST/STM32CubeCLT_1.17.0/GNU-tools-for-STM32/bin/../lib/gcc/arm-none-eabi/12.3.1/../../../../arm-none-eabi/lib/thumb/v7e-m+fp/hard\libc_nano.a(libc_a-lock.o)
                0x08000eba                __retarget_lock_release_recursive
 .text._free_r  0x08000ebc       0x94 C:/ST/STM32CubeCLT_1.17.0/GNU-tools-for-STM32/bin/../lib/gcc/arm-none-eabi/12.3.1/../../../../arm-none-eabi/lib/thumb/v7e-m+fp/hard\libc_nano.a(libc_a-freer.o)
                0x08000ebc                _free_r
 .text.sbrk_aligned
                0x08000f50       0x44 C:/ST/STM32CubeCLT_1.17.0/GNU-tools-for-STM32/bin/../lib/gcc/arm-none-eabi/12.3.1/../../../../arm-none-eabi/lib/thumb/v7e-m+fp/hard\libc_nano.a(libc_a-mallocr.o)
 .text._malloc_r
                0x08000f94      0x100 C:/ST/STM32CubeCLT_1.17.0/GNU-tools-for-STM32/bin/../lib/gcc/arm-none-eabi/12.3.1/../../../../arm-none-eabi/lib/thumb/v7e-m+fp/hard\libc_nano.a(libc_a-mallocr.o)
                0x08000f94                _malloc_r
 .text.__malloc_lock
                0x08001094        0xc C:/ST/STM32CubeCLT_1.17.0/GNU-tools-for-STM32/bin/../lib/gcc/arm-none-eabi/12.3.1/../../../../arm-none-eabi/lib/thumb/v7e-m+fp/hard\libc_nano.a(libc_a-mlock.o)
                0x08001094                __malloc_lock
 .text.__malloc_unlock
                0x080010a0        0xc C:/ST/STM32CubeCLT_1.17.0/GNU-tools-for-STM32/bin/../lib/gcc/arm-none-eabi/12.3.1/../../../../arm-none-eabi/lib/thumb/v7e-m+fp/hard\libc_nano.a(libc_a-mlock.o)
                0x080010a0                __malloc_unlock
 .text._sbrk_r  0x080010ac       0x20 C:/ST/STM32CubeCLT_1.17.0/GNU-tools-for-STM32/bin/../lib/gcc/arm-none-eabi/12.3.1/../../../../arm-none-eabi/lib/thumb/v7e-m+fp/hard\libc_nano.a(libc_a-sbrkr.o)
                0x080010ac                _sbrk_r
 .text.main     0x080010cc       0xfc CMakeFiles/hello_uart.dir/Core/Src/main.c.obj
                0x080010cc                main
 .text.SystemClock_Config
                0x080011c8       0x96 CMakeFiles/hello_uart.dir/Core/Src/main.c.obj
                0x080011c8                SystemClock_Config
 *fill*         0x0800125e        0x2 
 .text.MX_SPI1_Init
                0x08001260       0x7c CMakeFiles/hello_uart.dir/Core/Src/main.c.obj
 .text.MX_USART1_UART_Init
                0x080012dc       0x98 CMakeFiles/hello_uart.dir/Core/Src/main.c.obj
 .text.MX_GPIO_Init
                0x08001374       0xa8 CMakeFiles/hello_uart.dir/Core/Src/main.c.obj
 .text.print_menu
                0x0800141c       0x58 CMakeFiles/hello_uart.dir/Core/Src/main.c.obj
                0x0800141c                print_menu
 .text.unlock_blocks
                0x08001474       0x7c CMakeFiles/hello_uart.dir/Core/Src/main.c.obj
                0x08001474                unlock_blocks
 .text.erase4k  0x080014f0       0x4c CMakeFiles/hello_uart.dir/Core/Src/main.c.obj
                0x080014f0                erase4k
 .text.write_data
                0x0800153c       0x58 CMakeFiles/hello_uart.dir/Core/Src/main.c.obj
                0x0800153c                write_data
 .text.write_aai
                0x08001594       0xd8 CMakeFiles/hello_uart.dir/Core/Src/main.c.obj
                0x08001594                write_aai
 .text.poll_chip
                0x0800166c       0x28 CMakeFiles/hello_uart.dir/Core/Src/main.c.obj
                0x0800166c                poll_chip
 .text.read_data
                0x08001694      0x1b8 CMakeFiles/hello_uart.dir/Core/Src/main.c.obj
                0x08001694                read_data
 .text.get_flash_status
                0x0800184c       0x80 CMakeFiles/hello_uart.dir/Core/Src/main.c.obj
                0x0800184c                get_flash_status
 .text.get_flash_status_register
                0x080018cc       0x4c CMakeFiles/hello_uart.dir/Core/Src/main.c.obj
                0x080018cc                get_flash_status_register
 .text.write_enable
                0x08001918       0x38 CMakeFiles/hello_uart.dir/Core/Src/main.c.obj
                0x08001918                write_enable
 .text.write_disable
                0x08001950       0x38 CMakeFiles/hello_uart.dir/Core/Src/main.c.obj
                0x08001950                write_disable
 .text.Error_Handler
                0x08001988        0xc CMakeFiles/hello_uart.dir/Core/Src/main.c.obj
                0x08001988                Error_Handler
 .text.NMI_Handler
                0x08001994        0x8 CMakeFiles/hello_uart.dir/Core/Src/stm32g4xx_it.c.obj
                0x08001994                NMI_Handler
 .text.HardFault_Handler
                0x0800199c        0x8 CMakeFiles/hello_uart.dir/Core/Src/stm32g4xx_it.c.obj
                0x0800199c                HardFault_Handler
 .text.MemManage_Handler
                0x080019a4        0x8 CMakeFiles/hello_uart.dir/Core/Src/stm32g4xx_it.c.obj
                0x080019a4                MemManage_Handler
 .text.BusFault_Handler
                0x080019ac        0x8 CMakeFiles/hello_uart.dir/Core/Src/stm32g4xx_it.c.obj
                0x080019ac                BusFault_Handler
 .text.UsageFault_Handler
                0x080019b4        0x8 CMakeFiles/hello_uart.dir/Core/Src/stm32g4xx_it.c.obj
                0x080019b4                UsageFault_Handler
 .text.SVC_Handler
                0x080019bc        0xe CMakeFiles/hello_uart.dir/Core/Src/stm32g4xx_it.c.obj
                0x080019bc                SVC_Handler
 .text.DebugMon_Handler
                0x080019ca        0xe CMakeFiles/hello_uart.dir/Core/Src/stm32g4xx_it.c.obj
                0x080019ca                DebugMon_Handler
 .text.PendSV_Handler
                0x080019d8        0xe CMakeFiles/hello_uart.dir/Core/Src/stm32g4xx_it.c.obj
                0x080019d8                PendSV_Handler
 .text.SysTick_Handler
                0x080019e6        0xc CMakeFiles/hello_uart.dir/Core/Src/stm32g4xx_it.c.obj
                0x080019e6                SysTick_Handler
 *fill*         0x080019f2        0x2 
 .text.USART1_IRQHandler
                0x080019f4       0x14 CMakeFiles/hello_uart.dir/Core/Src/stm32g4xx_it.c.obj
                0x080019f4                USART1_IRQHandler
 .text.HAL_MspInit
                0x08001a08       0x48 CMakeFiles/hello_uart.dir/Core/Src/stm32g4xx_hal_msp.c.obj
                0x08001a08                HAL_MspInit
 .text.HAL_SPI_MspInit
                0x08001a50       0x84 CMakeFiles/hello_uart.dir/Core/Src/stm32g4xx_hal_msp.c.obj
                0x08001a50                HAL_SPI_MspInit
 .text.HAL_UART_MspInit
                0x08001ad4       0xc0 CMakeFiles/hello_uart.dir/Core/Src/stm32g4xx_hal_msp.c.obj
                0x08001ad4                HAL_UART_MspInit
 .text.BSP_COM_Init
                0x08001b94       0x60 CMakeFiles/hello_uart.dir/Drivers/BSP/STM32G4xx_Nucleo/stm32g4xx_nucleo.c.obj
                0x08001b94                BSP_COM_Init
 .text.MX_LPUART1_Init
                0x08001bf4       0x64 CMakeFiles/hello_uart.dir/Drivers/BSP/STM32G4xx_Nucleo/stm32g4xx_nucleo.c.obj
                0x08001bf4                MX_LPUART1_Init
 .text.COM1_MspInit
                0x08001c58       0x98 CMakeFiles/hello_uart.dir/Drivers/BSP/STM32G4xx_Nucleo/stm32g4xx_nucleo.c.obj
 .text.HAL_Init
                0x08001cf0       0x30 CMakeFiles/hello_uart.dir/Drivers/STM32G4xx_HAL_Driver/Src/stm32g4xx_hal.c.obj
                0x08001cf0                HAL_Init
 .text.HAL_InitTick
                0x08001d20       0x74 CMakeFiles/hello_uart.dir/Drivers/STM32G4xx_HAL_Driver/Src/stm32g4xx_hal.c.obj
                0x08001d20                HAL_InitTick
 .text.HAL_IncTick
                0x08001d94       0x24 CMakeFiles/hello_uart.dir/Drivers/STM32G4xx_HAL_Driver/Src/stm32g4xx_hal.c.obj
                0x08001d94                HAL_IncTick
 .text.HAL_GetTick
                0x08001db8       0x18 CMakeFiles/hello_uart.dir/Drivers/STM32G4xx_HAL_Driver/Src/stm32g4xx_hal.c.obj
                0x08001db8                HAL_GetTick
 .text.HAL_RCC_OscConfig
                0x08001dd0      0x624 CMakeFiles/hello_uart.dir/Drivers/STM32G4xx_HAL_Driver/Src/stm32g4xx_hal_rcc.c.obj
                0x08001dd0                HAL_RCC_OscConfig
 .text.HAL_RCC_ClockConfig
                0x080023f4      0x278 CMakeFiles/hello_uart.dir/Drivers/STM32G4xx_HAL_Driver/Src/stm32g4xx_hal_rcc.c.obj
                0x080023f4                HAL_RCC_ClockConfig
 .text.HAL_RCC_GetSysClockFreq
                0x0800266c       0xc4 CMakeFiles/hello_uart.dir/Drivers/STM32G4xx_HAL_Driver/Src/stm32g4xx_hal_rcc.c.obj
                0x0800266c                HAL_RCC_GetSysClockFreq
 .text.HAL_RCC_GetHCLKFreq
                0x08002730       0x18 CMakeFiles/hello_uart.dir/Drivers/STM32G4xx_HAL_Driver/Src/stm32g4xx_hal_rcc.c.obj
                0x08002730                HAL_RCC_GetHCLKFreq
 .text.HAL_RCC_GetPCLK1Freq
                0x08002748       0x2c CMakeFiles/hello_uart.dir/Drivers/STM32G4xx_HAL_Driver/Src/stm32g4xx_hal_rcc.c.obj
                0x08002748                HAL_RCC_GetPCLK1Freq
 .text.HAL_RCC_GetPCLK2Freq
                0x08002774       0x2c CMakeFiles/hello_uart.dir/Drivers/STM32G4xx_HAL_Driver/Src/stm32g4xx_hal_rcc.c.obj
                0x08002774                HAL_RCC_GetPCLK2Freq
 .text.RCC_GetSysClockFreqFromPLLSource
                0x080027a0       0x8c CMakeFiles/hello_uart.dir/Drivers/STM32G4xx_HAL_Driver/Src/stm32g4xx_hal_rcc.c.obj
 .text.HAL_RCCEx_PeriphCLKConfig
                0x0800282c      0x3e0 CMakeFiles/hello_uart.dir/Drivers/STM32G4xx_HAL_Driver/Src/stm32g4xx_hal_rcc_ex.c.obj
                0x0800282c                HAL_RCCEx_PeriphCLKConfig
 .text.HAL_GPIO_Init
                0x08002c0c      0x304 CMakeFiles/hello_uart.dir/Drivers/STM32G4xx_HAL_Driver/Src/stm32g4xx_hal_gpio.c.obj
                0x08002c0c                HAL_GPIO_Init
 .text.HAL_GPIO_WritePin
                0x08002f10       0x30 CMakeFiles/hello_uart.dir/Drivers/STM32G4xx_HAL_Driver/Src/stm32g4xx_hal_gpio.c.obj
                0x08002f10                HAL_GPIO_WritePin
 .text.HAL_DMA_Abort
                0x08002f40       0xb2 CMakeFiles/hello_uart.dir/Drivers/STM32G4xx_HAL_Driver/Src/stm32g4xx_hal_dma.c.obj
                0x08002f40                HAL_DMA_Abort
 .text.HAL_DMA_Abort_IT
                0x08002ff2       0xce CMakeFiles/hello_uart.dir/Drivers/STM32G4xx_HAL_Driver/Src/stm32g4xx_hal_dma.c.obj
                0x08002ff2                HAL_DMA_Abort_IT
 .text.HAL_PWREx_ControlVoltageScaling
                0x080030c0      0x148 CMakeFiles/hello_uart.dir/Drivers/STM32G4xx_HAL_Driver/Src/stm32g4xx_hal_pwr_ex.c.obj
                0x080030c0                HAL_PWREx_ControlVoltageScaling
 .text.HAL_PWREx_DisableUCPDDeadBattery
                0x08003208       0x20 CMakeFiles/hello_uart.dir/Drivers/STM32G4xx_HAL_Driver/Src/stm32g4xx_hal_pwr_ex.c.obj
                0x08003208                HAL_PWREx_DisableUCPDDeadBattery
 .text.__NVIC_SetPriorityGrouping
                0x08003228       0x48 CMakeFiles/hello_uart.dir/Drivers/STM32G4xx_HAL_Driver/Src/stm32g4xx_hal_cortex.c.obj
 .text.__NVIC_GetPriorityGrouping
                0x08003270       0x1c CMakeFiles/hello_uart.dir/Drivers/STM32G4xx_HAL_Driver/Src/stm32g4xx_hal_cortex.c.obj
 .text.__NVIC_EnableIRQ
                0x0800328c       0x3c CMakeFiles/hello_uart.dir/Drivers/STM32G4xx_HAL_Driver/Src/stm32g4xx_hal_cortex.c.obj
 .text.__NVIC_SetPriority
                0x080032c8       0x54 CMakeFiles/hello_uart.dir/Drivers/STM32G4xx_HAL_Driver/Src/stm32g4xx_hal_cortex.c.obj
 .text.NVIC_EncodePriority
                0x0800331c       0x66 CMakeFiles/hello_uart.dir/Drivers/STM32G4xx_HAL_Driver/Src/stm32g4xx_hal_cortex.c.obj
 *fill*         0x08003382        0x2 
 .text.SysTick_Config
                0x08003384       0x44 CMakeFiles/hello_uart.dir/Drivers/STM32G4xx_HAL_Driver/Src/stm32g4xx_hal_cortex.c.obj
 .text.HAL_NVIC_SetPriorityGrouping
                0x080033c8       0x16 CMakeFiles/hello_uart.dir/Drivers/STM32G4xx_HAL_Driver/Src/stm32g4xx_hal_cortex.c.obj
                0x080033c8                HAL_NVIC_SetPriorityGrouping
 .text.HAL_NVIC_SetPriority
                0x080033de       0x34 CMakeFiles/hello_uart.dir/Drivers/STM32G4xx_HAL_Driver/Src/stm32g4xx_hal_cortex.c.obj
                0x080033de                HAL_NVIC_SetPriority
 .text.HAL_NVIC_EnableIRQ
                0x08003412       0x1c CMakeFiles/hello_uart.dir/Drivers/STM32G4xx_HAL_Driver/Src/stm32g4xx_hal_cortex.c.obj
                0x08003412                HAL_NVIC_EnableIRQ
 .text.HAL_SYSTICK_Config
                0x0800342e       0x18 CMakeFiles/hello_uart.dir/Drivers/STM32G4xx_HAL_Driver/Src/stm32g4xx_hal_cortex.c.obj
                0x0800342e                HAL_SYSTICK_Config
 .text.HAL_SPI_Init
                0x08003446      0x156 CMakeFiles/hello_uart.dir/Drivers/STM32G4xx_HAL_Driver/Src/stm32g4xx_hal_spi.c.obj
                0x08003446                HAL_SPI_Init
 .text.HAL_SPI_Transmit
                0x0800359c      0x2ec CMakeFiles/hello_uart.dir/Drivers/STM32G4xx_HAL_Driver/Src/stm32g4xx_hal_spi.c.obj
                0x0800359c                HAL_SPI_Transmit
 .text.HAL_SPI_Receive
                0x08003888      0x270 CMakeFiles/hello_uart.dir/Drivers/STM32G4xx_HAL_Driver/Src/stm32g4xx_hal_spi.c.obj
                0x08003888                HAL_SPI_Receive
 .text.HAL_SPI_TransmitReceive
                0x08003af8      0x43e CMakeFiles/hello_uart.dir/Drivers/STM32G4xx_HAL_Driver/Src/stm32g4xx_hal_spi.c.obj
                0x08003af8                HAL_SPI_TransmitReceive
 *fill*         0x08003f36        0x2 
 .text.SPI_WaitFlagStateUntilTimeout
                0x08003f38      0x110 CMakeFiles/hello_uart.dir/Drivers/STM32G4xx_HAL_Driver/Src/stm32g4xx_hal_spi.c.obj
 .text.SPI_WaitFifoStateUntilTimeout
                0x08004048      0x12c CMakeFiles/hello_uart.dir/Drivers/STM32G4xx_HAL_Driver/Src/stm32g4xx_hal_spi.c.obj
 .text.SPI_EndRxTransaction
                0x08004174       0xb0 CMakeFiles/hello_uart.dir/Drivers/STM32G4xx_HAL_Driver/Src/stm32g4xx_hal_spi.c.obj
 .text.SPI_EndRxTxTransaction
                0x08004224       0x8c CMakeFiles/hello_uart.dir/Drivers/STM32G4xx_HAL_Driver/Src/stm32g4xx_hal_spi.c.obj
 .text.HAL_UART_Init
                0x080042b0       0xa0 CMakeFiles/hello_uart.dir/Drivers/STM32G4xx_HAL_Driver/Src/stm32g4xx_hal_uart.c.obj
                0x080042b0                HAL_UART_Init
 .text.HAL_UART_Transmit
                0x08004350      0x11c CMakeFiles/hello_uart.dir/Drivers/STM32G4xx_HAL_Driver/Src/stm32g4xx_hal_uart.c.obj
                0x08004350                HAL_UART_Transmit
 .text.HAL_UART_Receive
                0x0800446c      0x190 CMakeFiles/hello_uart.dir/Drivers/STM32G4xx_HAL_Driver/Src/stm32g4xx_hal_uart.c.obj
                0x0800446c                HAL_UART_Receive
 .text.HAL_UART_IRQHandler
                0x080045fc      0x684 CMakeFiles/hello_uart.dir/Drivers/STM32G4xx_HAL_Driver/Src/stm32g4xx_hal_uart.c.obj
                0x080045fc                HAL_UART_IRQHandler
 .text.HAL_UART_TxCpltCallback
                0x08004c80       0x14 CMakeFiles/hello_uart.dir/Drivers/STM32G4xx_HAL_Driver/Src/stm32g4xx_hal_uart.c.obj
                0x08004c80                HAL_UART_TxCpltCallback
 .text.HAL_UART_ErrorCallback
                0x08004c94       0x14 CMakeFiles/hello_uart.dir/Drivers/STM32G4xx_HAL_Driver/Src/stm32g4xx_hal_uart.c.obj
                0x08004c94                HAL_UART_ErrorCallback
 .text.HAL_UARTEx_RxEventCallback
                0x08004ca8       0x18 CMakeFiles/hello_uart.dir/Drivers/STM32G4xx_HAL_Driver/Src/stm32g4xx_hal_uart.c.obj
                0x08004ca8                HAL_UARTEx_RxEventCallback
 .text.UART_SetConfig
                0x08004cc0      0x598 CMakeFiles/hello_uart.dir/Drivers/STM32G4xx_HAL_Driver/Src/stm32g4xx_hal_uart.c.obj
                0x08004cc0                UART_SetConfig
 .text.UART_AdvFeatureConfig
                0x08005258      0x144 CMakeFiles/hello_uart.dir/Drivers/STM32G4xx_HAL_Driver/Src/stm32g4xx_hal_uart.c.obj
                0x08005258                UART_AdvFeatureConfig
 .text.UART_CheckIdleState
                0x0800539c      0x154 CMakeFiles/hello_uart.dir/Drivers/STM32G4xx_HAL_Driver/Src/stm32g4xx_hal_uart.c.obj
                0x0800539c                UART_CheckIdleState
 .text.UART_WaitOnFlagUntilTimeout
                0x080054f0       0xda CMakeFiles/hello_uart.dir/Drivers/STM32G4xx_HAL_Driver/Src/stm32g4xx_hal_uart.c.obj
                0x080054f0                UART_WaitOnFlagUntilTimeout
 .text.UART_EndRxTransfer
                0x080055ca       0xcc CMakeFiles/hello_uart.dir/Drivers/STM32G4xx_HAL_Driver/Src/stm32g4xx_hal_uart.c.obj
 .text.UART_DMAAbortOnError
                0x08005696       0x24 CMakeFiles/hello_uart.dir/Drivers/STM32G4xx_HAL_Driver/Src/stm32g4xx_hal_uart.c.obj
 .text.UART_EndTransmit_IT
                0x080056ba       0x56 CMakeFiles/hello_uart.dir/Drivers/STM32G4xx_HAL_Driver/Src/stm32g4xx_hal_uart.c.obj
 .text.HAL_UARTEx_WakeupCallback
                0x08005710       0x14 CMakeFiles/hello_uart.dir/Drivers/STM32G4xx_HAL_Driver/Src/stm32g4xx_hal_uart_ex.c.obj
                0x08005710                HAL_UARTEx_WakeupCallback
 .text.HAL_UARTEx_RxFifoFullCallback
                0x08005724       0x14 CMakeFiles/hello_uart.dir/Drivers/STM32G4xx_HAL_Driver/Src/stm32g4xx_hal_uart_ex.c.obj
                0x08005724                HAL_UARTEx_RxFifoFullCallback
 .text.HAL_UARTEx_TxFifoEmptyCallback
                0x08005738       0x14 CMakeFiles/hello_uart.dir/Drivers/STM32G4xx_HAL_Driver/Src/stm32g4xx_hal_uart_ex.c.obj
                0x08005738                HAL_UARTEx_TxFifoEmptyCallback
 .text.HAL_UARTEx_DisableFifoMode
                0x0800574c       0x72 CMakeFiles/hello_uart.dir/Drivers/STM32G4xx_HAL_Driver/Src/stm32g4xx_hal_uart_ex.c.obj
                0x0800574c                HAL_UARTEx_DisableFifoMode
 .text.HAL_UARTEx_SetTxFifoThreshold
                0x080057be       0x7c CMakeFiles/hello_uart.dir/Drivers/STM32G4xx_HAL_Driver/Src/stm32g4xx_hal_uart_ex.c.obj
                0x080057be                HAL_UARTEx_SetTxFifoThreshold
 .text.HAL_UARTEx_SetRxFifoThreshold
                0x0800583a       0x7c CMakeFiles/hello_uart.dir/Drivers/STM32G4xx_HAL_Driver/Src/stm32g4xx_hal_uart_ex.c.obj
                0x0800583a                HAL_UARTEx_SetRxFifoThreshold
 *fill*         0x080058b6        0x2 
 .text.UARTEx_SetNbDataToProcess
                0x080058b8       0x9c CMakeFiles/hello_uart.dir/Drivers/STM32G4xx_HAL_Driver/Src/stm32g4xx_hal_uart_ex.c.obj
 .text.SystemInit
                0x08005954       0x24 CMakeFiles/hello_uart.dir/Core/Src/system_stm32g4xx.c.obj
                0x08005954                SystemInit
 .text._sbrk    0x08005978       0x6c CMakeFiles/hello_uart.dir/Core/Src/sysmem.c.obj
                0x08005978                _sbrk
 .text.Reset_Handler
                0x080059e4       0x50 CMakeFiles/hello_uart.dir/startup_stm32g431xx.s.obj
                0x080059e4                Reset_Handler
 .text.Default_Handler
                0x08005a34        0x2 CMakeFiles/hello_uart.dir/startup_stm32g431xx.s.obj
                0x08005a34                RTC_Alarm_IRQHandler
                0x08005a34                EXTI2_IRQHandler
                0x08005a34                TIM8_TRG_COM_IRQHandler
                0x08005a34                TIM8_CC_IRQHandler
                0x08005a34                TIM1_CC_IRQHandler
                0x08005a34                USB_HP_IRQHandler
                0x08005a34                CORDIC_IRQHandler
                0x08005a34                EXTI3_IRQHandler
                0x08005a34                I2C3_ER_IRQHandler
                0x08005a34                EXTI0_IRQHandler
                0x08005a34                I2C2_EV_IRQHandler
                0x08005a34                FPU_IRQHandler
                0x08005a34                FDCAN1_IT1_IRQHandler
                0x08005a34                TIM1_UP_TIM16_IRQHandler
                0x08005a34                ADC1_2_IRQHandler
                0x08005a34                SPI1_IRQHandler
                0x08005a34                TIM6_DAC_IRQHandler
                0x08005a34                TIM8_UP_IRQHandler
                0x08005a34                DMA2_Channel2_IRQHandler
                0x08005a34                DMA1_Channel4_IRQHandler
                0x08005a34                USART3_IRQHandler
                0x08005a34                TIM4_IRQHandler
                0x08005a34                DMA2_Channel1_IRQHandler
                0x08005a34                I2C1_EV_IRQHandler
                0x08005a34                DMA1_Channel6_IRQHandler
                0x08005a34                UART4_IRQHandler
                0x08005a34                DMA2_Channel4_IRQHandler
                0x08005a34                TIM3_IRQHandler
                0x08005a34                RCC_IRQHandler
                0x08005a34                DMA1_Channel1_IRQHandler
                0x08005a34                Default_Handler
                0x08005a34                RTC_TAMP_LSECSS_IRQHandler
                0x08005a34                FMAC_IRQHandler
                0x08005a34                EXTI15_10_IRQHandler
                0x08005a34                TIM7_IRQHandler
                0x08005a34                UCPD1_IRQHandler
                0x08005a34                I2C3_EV_IRQHandler
                0x08005a34                EXTI9_5_IRQHandler
                0x08005a34                RTC_WKUP_IRQHandler
                0x08005a34                PVD_PVM_IRQHandler
                0x08005a34                SPI2_IRQHandler
                0x08005a34                DMA2_Channel5_IRQHandler
                0x08005a34                CRS_IRQHandler
                0x08005a34                DMA1_Channel5_IRQHandler
                0x08005a34                USB_LP_IRQHandler
                0x08005a34                EXTI4_IRQHandler
                0x08005a34                RNG_IRQHandler
                0x08005a34                TIM1_TRG_COM_TIM17_IRQHandler
                0x08005a34                DMA1_Channel3_IRQHandler
                0x08005a34                WWDG_IRQHandler
                0x08005a34                LPUART1_IRQHandler
                0x08005a34                DMA2_Channel6_IRQHandler
                0x08005a34                FDCAN1_IT0_IRQHandler
                0x08005a34                TIM2_IRQHandler
                0x08005a34                COMP1_2_3_IRQHandler
                0x08005a34                EXTI1_IRQHandler
                0x08005a34                USART2_IRQHandler
                0x08005a34                I2C2_ER_IRQHandler
                0x08005a34                DMA1_Channel2_IRQHandler
                0x08005a34                TIM8_BRK_IRQHandler
                0x08005a34                FLASH_IRQHandler
                0x08005a34                SPI3_IRQHandler
                0x08005a34                I2C1_ER_IRQHandler
                0x08005a34                LPTIM1_IRQHandler
                0x08005a34                DMAMUX_OVR_IRQHandler
                0x08005a34                USBWakeUp_IRQHandler
                0x08005a34                SAI1_IRQHandler
                0x08005a34                DMA2_Channel3_IRQHandler
                0x08005a34                COMP4_IRQHandler
                0x08005a34                TIM1_BRK_TIM15_IRQHandler
 .text.atoi     0x08005a36        0x8 C:/ST/STM32CubeCLT_1.17.0/GNU-tools-for-STM32/bin/../lib/gcc/arm-none-eabi/12.3.1/../../../../arm-none-eabi/lib/thumb/v7e-m+fp/hard\libg_nano.a(libc_a-atoi.o)
                0x08005a36                atoi
 *fill*         0x08005a3e        0x2 
 .text._strtol_l.constprop.0
                0x08005a40       0xf4 C:/ST/STM32CubeCLT_1.17.0/GNU-tools-for-STM32/bin/../lib/gcc/arm-none-eabi/12.3.1/../../../../arm-none-eabi/lib/thumb/v7e-m+fp/hard\libg_nano.a(libc_a-strtol.o)
 .text.strtol   0x08005b34       0x14 C:/ST/STM32CubeCLT_1.17.0/GNU-tools-for-STM32/bin/../lib/gcc/arm-none-eabi/12.3.1/../../../../arm-none-eabi/lib/thumb/v7e-m+fp/hard\libg_nano.a(libc_a-strtol.o)
                0x08005b34                strtol
 .text.sprintf  0x08005b48       0x40 C:/ST/STM32CubeCLT_1.17.0/GNU-tools-for-STM32/bin/../lib/gcc/arm-none-eabi/12.3.1/../../../../arm-none-eabi/lib/thumb/v7e-m+fp/hard\libg_nano.a(libc_a-sprintf.o)
                0x08005b48                siprintf
                0x08005b48                sprintf
 .text.__errno  0x08005b88        0xc C:/ST/STM32CubeCLT_1.17.0/GNU-tools-for-STM32/bin/../lib/gcc/arm-none-eabi/12.3.1/../../../../arm-none-eabi/lib/thumb/v7e-m+fp/hard\libg_nano.a(libc_a-errno.o)
                0x08005b88                __errno
 .text.__ssputs_r
                0x08005b94       0xb6 C:/ST/STM32CubeCLT_1.17.0/GNU-tools-for-STM32/bin/../lib/gcc/arm-none-eabi/12.3.1/../../../../arm-none-eabi/lib/thumb/v7e-m+fp/hard\libg_nano.a(libc_a-nano-svfprintf.o)
                0x08005b94                __ssputs_r
 *fill*         0x08005c4a        0x2 
 .text._svfprintf_r
                0x08005c4c      0x1f8 C:/ST/STM32CubeCLT_1.17.0/GNU-tools-for-STM32/bin/../lib/gcc/arm-none-eabi/12.3.1/../../../../arm-none-eabi/lib/thumb/v7e-m+fp/hard\libg_nano.a(libc_a-nano-svfprintf.o)
                0x08005c4c                _svfiprintf_r
                0x08005c4c                _svfprintf_r
 .text._printf_common
                0x08005e44       0xda C:/ST/STM32CubeCLT_1.17.0/GNU-tools-for-STM32/bin/../lib/gcc/arm-none-eabi/12.3.1/../../../../arm-none-eabi/lib/thumb/v7e-m+fp/hard\libg_nano.a(libc_a-nano-vfprintf_i.o)
                0x08005e44                _printf_common
 *fill*         0x08005f1e        0x2 
 .text._printf_i
                0x08005f20      0x240 C:/ST/STM32CubeCLT_1.17.0/GNU-tools-for-STM32/bin/../lib/gcc/arm-none-eabi/12.3.1/../../../../arm-none-eabi/lib/thumb/v7e-m+fp/hard\libg_nano.a(libc_a-nano-vfprintf_i.o)
                0x08005f20                _printf_i
 .text.memmove  0x08006160       0x34 C:/ST/STM32CubeCLT_1.17.0/GNU-tools-for-STM32/bin/../lib/gcc/arm-none-eabi/12.3.1/../../../../arm-none-eabi/lib/thumb/v7e-m+fp/hard\libg_nano.a(libc_a-memmove.o)
                0x08006160                memmove
 .text.memcpy   0x08006194       0x1c C:/ST/STM32CubeCLT_1.17.0/GNU-tools-for-STM32/bin/../lib/gcc/arm-none-eabi/12.3.1/../../../../arm-none-eabi/lib/thumb/v7e-m+fp/hard\libg_nano.a(libc_a-memcpy-stub.o)
                0x08006194                memcpy
 .text._realloc_r
                0x080061b0       0x5c C:/ST/STM32CubeCLT_1.17.0/GNU-tools-for-STM32/bin/../lib/gcc/arm-none-eabi/12.3.1/../../../../arm-none-eabi/lib/thumb/v7e-m+fp/hard\libg_nano.a(libc_a-reallocr.o)
                0x080061b0                _realloc_r
 .text._malloc_usable_size_r
                0x0800620c       0x10 C:/ST/STM32CubeCLT_1.17.0/GNU-tools-for-STM32/bin/../lib/gcc/arm-none-eabi/12.3.1/../../../../arm-none-eabi/lib/thumb/v7e-m+fp/hard\libg_nano.a(libc_a-msizer.o)
                0x0800620c                _malloc_usable_size_r
 *fill*         0x0800621c        0x4 
 .text.ceil     0x08006220       0xf8 C:/ST/STM32CubeCLT_1.17.0/GNU-tools-for-STM32/bin/../lib/gcc/arm-none-eabi/12.3.1/../../../../arm-none-eabi/lib/thumb/v7e-m+fp/hard\libm.a(libm_a-s_ceil.o)
                0x08006220                ceil
 *(.glue_7)
 .glue_7        0x08006318        0x0 linker stubs
 *(.glue_7t)
 .glue_7t       0x08006318        0x0 linker stubs
 *(.eh_frame)
 .eh_frame      0x08006318        0x0 C:/ST/STM32CubeCLT_1.17.0/GNU-tools-for-STM32/bin/../lib/gcc/arm-none-eabi/12.3.1/thumb/v7e-m+fp/hard/crtbegin.o
 *(.init)
 .init          0x08006318        0x4 C:/ST/STM32CubeCLT_1.17.0/GNU-tools-for-STM32/bin/../lib/gcc/arm-none-eabi/12.3.1/thumb/v7e-m+fp/hard/crti.o
                0x08006318                _init
 .init          0x0800631c        0x8 C:/ST/STM32CubeCLT_1.17.0/GNU-tools-for-STM32/bin/../lib/gcc/arm-none-eabi/12.3.1/thumb/v7e-m+fp/hard/crtn.o
 *(.fini)
 .fini          0x08006324        0x4 C:/ST/STM32CubeCLT_1.17.0/GNU-tools-for-STM32/bin/../lib/gcc/arm-none-eabi/12.3.1/thumb/v7e-m+fp/hard/crti.o
                0x08006324                _fini
 .fini          0x08006328        0x8 C:/ST/STM32CubeCLT_1.17.0/GNU-tools-for-STM32/bin/../lib/gcc/arm-none-eabi/12.3.1/thumb/v7e-m+fp/hard/crtn.o
                0x08006330                        . = ALIGN (0x4)
                0x08006330                        _etext = .

.vfp11_veneer   0x08006330        0x0
 .vfp11_veneer  0x08006330        0x0 linker stubs

.v4_bx          0x08006330        0x0
 .v4_bx         0x08006330        0x0 linker stubs

.iplt           0x08006330        0x0
 .iplt          0x08006330        0x0 C:/ST/STM32CubeCLT_1.17.0/GNU-tools-for-STM32/bin/../lib/gcc/arm-none-eabi/12.3.1/thumb/v7e-m+fp/hard/crtbegin.o

.rodata         0x08006330      0x258
                0x08006330                        . = ALIGN (0x4)
 *(.rodata)
 .rodata        0x08006330       0xdf CMakeFiles/hello_uart.dir/Core/Src/main.c.obj
 *(.rodata*)
 .rodata.flash_write_disable
                0x0800640f        0x1 CMakeFiles/hello_uart.dir/Core/Src/main.c.obj
                0x0800640f                flash_write_disable
 .rodata.flash_read_stat_reg
                0x08006410        0x1 CMakeFiles/hello_uart.dir/Core/Src/main.c.obj
                0x08006410                flash_read_stat_reg
 .rodata.flash_write_enable
                0x08006411        0x1 CMakeFiles/hello_uart.dir/Core/Src/main.c.obj
                0x08006411                flash_write_enable
 *fill*         0x08006412        0x2 
 .rodata.UARTPrescTable
                0x08006414       0x18 CMakeFiles/hello_uart.dir/Drivers/STM32G4xx_HAL_Driver/Src/stm32g4xx_hal_uart.c.obj
                0x08006414                UARTPrescTable
 .rodata.numerator.1
                0x0800642c        0x8 CMakeFiles/hello_uart.dir/Drivers/STM32G4xx_HAL_Driver/Src/stm32g4xx_hal_uart_ex.c.obj
 .rodata.denominator.0
                0x08006434        0x8 CMakeFiles/hello_uart.dir/Drivers/STM32G4xx_HAL_Driver/Src/stm32g4xx_hal_uart_ex.c.obj
 .rodata.AHBPrescTable
                0x0800643c       0x10 CMakeFiles/hello_uart.dir/Core/Src/system_stm32g4xx.c.obj
                0x0800643c                AHBPrescTable
 .rodata.APBPrescTable
                0x0800644c        0x8 CMakeFiles/hello_uart.dir/Core/Src/system_stm32g4xx.c.obj
                0x0800644c                APBPrescTable
 .rodata._ctype_
                0x08006454      0x101 C:/ST/STM32CubeCLT_1.17.0/GNU-tools-for-STM32/bin/../lib/gcc/arm-none-eabi/12.3.1/../../../../arm-none-eabi/lib/thumb/v7e-m+fp/hard\libg_nano.a(libc_a-ctype_.o)
                0x08006454                _ctype_
 .rodata._svfprintf_r.str1.1
                0x08006555       0x11 C:/ST/STM32CubeCLT_1.17.0/GNU-tools-for-STM32/bin/../lib/gcc/arm-none-eabi/12.3.1/../../../../arm-none-eabi/lib/thumb/v7e-m+fp/hard\libg_nano.a(libc_a-nano-svfprintf.o)
 .rodata._printf_i.str1.1
                0x08006566       0x22 C:/ST/STM32CubeCLT_1.17.0/GNU-tools-for-STM32/bin/../lib/gcc/arm-none-eabi/12.3.1/../../../../arm-none-eabi/lib/thumb/v7e-m+fp/hard\libg_nano.a(libc_a-nano-vfprintf_i.o)
                0x08006588                        . = ALIGN (0x4)

.ARM.extab
 *(.ARM.extab* .gnu.linkonce.armextab.*)

.ARM            0x08006588        0x8
                0x08006588                        __exidx_start = .
 *(.ARM.exidx*)
 .ARM.exidx     0x08006588        0x8 C:/ST/STM32CubeCLT_1.17.0/GNU-tools-for-STM32/bin/../lib/gcc/arm-none-eabi/12.3.1/thumb/v7e-m+fp/hard\libgcc.a(_udivmoddi4.o)
 .ARM.exidx     0x08006590        0x0 C:/ST/STM32CubeCLT_1.17.0/GNU-tools-for-STM32/bin/../lib/gcc/arm-none-eabi/12.3.1/../../../../arm-none-eabi/lib/thumb/v7e-m+fp/hard\libg_nano.a(libc_a-memchr.o)
                                  0x8 (size before relaxing)
                0x08006590                        __exidx_end = .

.rel.dyn        0x08006590        0x0
 .rel.iplt      0x08006590        0x0 C:/ST/STM32CubeCLT_1.17.0/GNU-tools-for-STM32/bin/../lib/gcc/arm-none-eabi/12.3.1/thumb/v7e-m+fp/hard/crtbegin.o

.preinit_array  0x08006590        0x0
                0x08006590                        PROVIDE (__preinit_array_start = .)
 *(.preinit_array*)
                0x08006590                        PROVIDE (__preinit_array_end = .)

.init_array     0x08006590        0x4
                0x08006590                        PROVIDE (__init_array_start = .)
 *(SORT_BY_NAME(.init_array.*))
 *(.init_array*)
 .init_array    0x08006590        0x4 C:/ST/STM32CubeCLT_1.17.0/GNU-tools-for-STM32/bin/../lib/gcc/arm-none-eabi/12.3.1/thumb/v7e-m+fp/hard/crtbegin.o
                0x08006594                        PROVIDE (__init_array_end = .)

.fini_array     0x08006594        0x4
                [!provide]                        PROVIDE (__fini_array_start = .)
 *(SORT_BY_NAME(.fini_array.*))
 *(.fini_array*)
 .fini_array    0x08006594        0x4 C:/ST/STM32CubeCLT_1.17.0/GNU-tools-for-STM32/bin/../lib/gcc/arm-none-eabi/12.3.1/thumb/v7e-m+fp/hard/crtbegin.o
                [!provide]                        PROVIDE (__fini_array_end = .)
                0x08006598                        _sidata = LOADADDR (.data)

.data           0x20000000       0x60 load address 0x08006598
                0x20000000                        . = ALIGN (0x4)
                0x20000000                        _sdata = .
 *(.data)
 *(.data*)
 .data._impure_ptr
                0x20000000        0x4 C:/ST/STM32CubeCLT_1.17.0/GNU-tools-for-STM32/bin/../lib/gcc/arm-none-eabi/12.3.1/../../../../arm-none-eabi/lib/thumb/v7e-m+fp/hard\libc_nano.a(libc_a-impure.o)
                0x20000000                _impure_ptr
 .data._impure_data
                0x20000004       0x4c C:/ST/STM32CubeCLT_1.17.0/GNU-tools-for-STM32/bin/../lib/gcc/arm-none-eabi/12.3.1/../../../../arm-none-eabi/lib/thumb/v7e-m+fp/hard\libc_nano.a(libc_a-impure.o)
                0x20000004                _impure_data
 .data.COM_USART
                0x20000050        0x4 CMakeFiles/hello_uart.dir/Drivers/BSP/STM32G4xx_Nucleo/stm32g4xx_nucleo.c.obj
 .data.uwTickPrio
                0x20000054        0x4 CMakeFiles/hello_uart.dir/Drivers/STM32G4xx_HAL_Driver/Src/stm32g4xx_hal.c.obj
                0x20000054                uwTickPrio
 .data.uwTickFreq
                0x20000058        0x4 CMakeFiles/hello_uart.dir/Drivers/STM32G4xx_HAL_Driver/Src/stm32g4xx_hal.c.obj
                0x20000058                uwTickFreq
 .data.SystemCoreClock
                0x2000005c        0x4 CMakeFiles/hello_uart.dir/Core/Src/system_stm32g4xx.c.obj
                0x2000005c                SystemCoreClock
                0x20000060                        . = ALIGN (0x4)
                0x20000060                        _edata = .

.igot.plt       0x20000060        0x0 load address 0x080065f8
 .igot.plt      0x20000060        0x0 C:/ST/STM32CubeCLT_1.17.0/GNU-tools-for-STM32/bin/../lib/gcc/arm-none-eabi/12.3.1/thumb/v7e-m+fp/hard/crtbegin.o
                0x20000060                        . = ALIGN (0x4)

.bss            0x20000060      0x44c load address 0x080065f8
                0x20000060                        _sbss = .
                0x20000060                        __bss_start__ = _sbss
 *(.bss)
 .bss           0x20000060       0x1c C:/ST/STM32CubeCLT_1.17.0/GNU-tools-for-STM32/bin/../lib/gcc/arm-none-eabi/12.3.1/thumb/v7e-m+fp/hard/crtbegin.o
 *(.bss*)
 .bss.__sf      0x2000007c      0x138 C:/ST/STM32CubeCLT_1.17.0/GNU-tools-for-STM32/bin/../lib/gcc/arm-none-eabi/12.3.1/../../../../arm-none-eabi/lib/thumb/v7e-m+fp/hard\libc_nano.a(libc_a-findfp.o)
                0x2000007c                __sf
 .bss.errno     0x200001b4        0x4 C:/ST/STM32CubeCLT_1.17.0/GNU-tools-for-STM32/bin/../lib/gcc/arm-none-eabi/12.3.1/../../../../arm-none-eabi/lib/thumb/v7e-m+fp/hard\libc_nano.a(libc_a-reent.o)
                0x200001b4                errno
 .bss.__lock___malloc_recursive_mutex
                0x200001b8        0x1 C:/ST/STM32CubeCLT_1.17.0/GNU-tools-for-STM32/bin/../lib/gcc/arm-none-eabi/12.3.1/../../../../arm-none-eabi/lib/thumb/v7e-m+fp/hard\libc_nano.a(libc_a-lock.o)
                0x200001b8                __lock___malloc_recursive_mutex
 *fill*         0x200001b9        0x3 
 .bss.__malloc_sbrk_start
                0x200001bc        0x4 C:/ST/STM32CubeCLT_1.17.0/GNU-tools-for-STM32/bin/../lib/gcc/arm-none-eabi/12.3.1/../../../../arm-none-eabi/lib/thumb/v7e-m+fp/hard\libc_nano.a(libc_a-mallocr.o)
                0x200001bc                __malloc_sbrk_start
 .bss.__malloc_free_list
                0x200001c0        0x4 C:/ST/STM32CubeCLT_1.17.0/GNU-tools-for-STM32/bin/../lib/gcc/arm-none-eabi/12.3.1/../../../../arm-none-eabi/lib/thumb/v7e-m+fp/hard\libc_nano.a(libc_a-mallocr.o)
                0x200001c0                __malloc_free_list
 .bss.BspCOMInit
                0x200001c4       0x10 CMakeFiles/hello_uart.dir/Core/Src/main.c.obj
                0x200001c4                BspCOMInit
 .bss.hspi1     0x200001d4       0x64 CMakeFiles/hello_uart.dir/Core/Src/main.c.obj
                0x200001d4                hspi1
 .bss.huart1    0x20000238       0x94 CMakeFiles/hello_uart.dir/Core/Src/main.c.obj
                0x20000238                huart1
 .bss.buf_len   0x200002cc        0x4 CMakeFiles/hello_uart.dir/Core/Src/main.c.obj
                0x200002cc                buf_len
 .bss.uart_tx_buf
                0x200002d0       0xc8 CMakeFiles/hello_uart.dir/Core/Src/main.c.obj
                0x200002d0                uart_tx_buf
 .bss.uart_rx_buf
                0x20000398       0x14 CMakeFiles/hello_uart.dir/Core/Src/main.c.obj
                0x20000398                uart_rx_buf
 .bss.spi_rx_buf
                0x200003ac       0x64 CMakeFiles/hello_uart.dir/Core/Src/main.c.obj
                0x200003ac                spi_rx_buf
 .bss.hcom_uart
                0x20000410       0x94 CMakeFiles/hello_uart.dir/Drivers/BSP/STM32G4xx_Nucleo/stm32g4xx_nucleo.c.obj
                0x20000410                hcom_uart
 .bss.uwTick    0x200004a4        0x4 CMakeFiles/hello_uart.dir/Drivers/STM32G4xx_HAL_Driver/Src/stm32g4xx_hal.c.obj
                0x200004a4                uwTick
 .bss.__sbrk_heap_end
                0x200004a8        0x4 CMakeFiles/hello_uart.dir/Core/Src/sysmem.c.obj
 *(COMMON)
                0x200004ac                        . = ALIGN (0x4)
                0x200004ac                        _ebss = .
                0x200004ac                        __bss_end__ = _ebss

._user_heap_stack
                0x200004ac      0x604 load address 0x080065f8
                0x200004b0                        . = ALIGN (0x8)
 *fill*         0x200004ac        0x4 
                [!provide]                        PROVIDE (end = .)
                0x200004b0                        PROVIDE (_end = .)
                0x200006b0                        . = (. + _Min_Heap_Size)
 *fill*         0x200004b0      0x200 
                0x20000ab0                        . = (. + _Min_Stack_Size)
 *fill*         0x200006b0      0x400 
                0x20000ab0                        . = ALIGN (0x8)

/DISCARD/
 libc.a(*)
 libm.a(*)
 libgcc.a(*)
OUTPUT(hello_uart.elf elf32-littlearm)
LOAD linker stubs
LOAD C:/ST/STM32CubeCLT_1.17.0/GNU-tools-for-STM32/bin/../lib/gcc/arm-none-eabi/12.3.1/../../../../arm-none-eabi/lib/thumb/v7e-m+fp/hard\libc.a
LOAD C:/ST/STM32CubeCLT_1.17.0/GNU-tools-for-STM32/bin/../lib/gcc/arm-none-eabi/12.3.1/../../../../arm-none-eabi/lib/thumb/v7e-m+fp/hard\libm.a
LOAD C:/ST/STM32CubeCLT_1.17.0/GNU-tools-for-STM32/bin/../lib/gcc/arm-none-eabi/12.3.1/thumb/v7e-m+fp/hard\libgcc.a

.ARM.attributes
                0x00000000       0x30
 .ARM.attributes
                0x00000000       0x22 C:/ST/STM32CubeCLT_1.17.0/GNU-tools-for-STM32/bin/../lib/gcc/arm-none-eabi/12.3.1/thumb/v7e-m+fp/hard/crti.o
 .ARM.attributes
                0x00000022       0x34 C:/ST/STM32CubeCLT_1.17.0/GNU-tools-for-STM32/bin/../lib/gcc/arm-none-eabi/12.3.1/thumb/v7e-m+fp/hard/crtbegin.o
 .ARM.attributes
                0x00000056       0x34 C:/ST/STM32CubeCLT_1.17.0/GNU-tools-for-STM32/bin/../lib/gcc/arm-none-eabi/12.3.1/../../../../arm-none-eabi/lib/thumb/v7e-m+fp/hard\libc_nano.a(libc_a-findfp.o)
 .ARM.attributes
                0x0000008a       0x34 C:/ST/STM32CubeCLT_1.17.0/GNU-tools-for-STM32/bin/../lib/gcc/arm-none-eabi/12.3.1/../../../../arm-none-eabi/lib/thumb/v7e-m+fp/hard\libc_nano.a(libc_a-memset.o)
 .ARM.attributes
                0x000000be       0x34 C:/ST/STM32CubeCLT_1.17.0/GNU-tools-for-STM32/bin/../lib/gcc/arm-none-eabi/12.3.1/../../../../arm-none-eabi/lib/thumb/v7e-m+fp/hard\libc_nano.a(libc_a-reent.o)
 .ARM.attributes
                0x000000f2       0x34 C:/ST/STM32CubeCLT_1.17.0/GNU-tools-for-STM32/bin/../lib/gcc/arm-none-eabi/12.3.1/../../../../arm-none-eabi/lib/thumb/v7e-m+fp/hard\libc_nano.a(libc_a-impure.o)
 .ARM.attributes
                0x00000126       0x34 C:/ST/STM32CubeCLT_1.17.0/GNU-tools-for-STM32/bin/../lib/gcc/arm-none-eabi/12.3.1/../../../../arm-none-eabi/lib/thumb/v7e-m+fp/hard\libc_nano.a(libc_a-init.o)
 .ARM.attributes
                0x0000015a       0x34 C:/ST/STM32CubeCLT_1.17.0/GNU-tools-for-STM32/bin/../lib/gcc/arm-none-eabi/12.3.1/../../../../arm-none-eabi/lib/thumb/v7e-m+fp/hard\libc_nano.a(libc_a-lock.o)
 .ARM.attributes
                0x0000018e       0x34 C:/ST/STM32CubeCLT_1.17.0/GNU-tools-for-STM32/bin/../lib/gcc/arm-none-eabi/12.3.1/../../../../arm-none-eabi/lib/thumb/v7e-m+fp/hard\libc_nano.a(libc_a-freer.o)
 .ARM.attributes
                0x000001c2       0x34 C:/ST/STM32CubeCLT_1.17.0/GNU-tools-for-STM32/bin/../lib/gcc/arm-none-eabi/12.3.1/../../../../arm-none-eabi/lib/thumb/v7e-m+fp/hard\libc_nano.a(libc_a-mallocr.o)
 .ARM.attributes
                0x000001f6       0x34 C:/ST/STM32CubeCLT_1.17.0/GNU-tools-for-STM32/bin/../lib/gcc/arm-none-eabi/12.3.1/../../../../arm-none-eabi/lib/thumb/v7e-m+fp/hard\libc_nano.a(libc_a-mlock.o)
 .ARM.attributes
                0x0000022a       0x34 C:/ST/STM32CubeCLT_1.17.0/GNU-tools-for-STM32/bin/../lib/gcc/arm-none-eabi/12.3.1/../../../../arm-none-eabi/lib/thumb/v7e-m+fp/hard\libc_nano.a(libc_a-sbrkr.o)
 .ARM.attributes
                0x0000025e       0x34 CMakeFiles/hello_uart.dir/Core/Src/main.c.obj
 .ARM.attributes
                0x00000292       0x34 CMakeFiles/hello_uart.dir/Core/Src/stm32g4xx_it.c.obj
 .ARM.attributes
                0x000002c6       0x34 CMakeFiles/hello_uart.dir/Core/Src/stm32g4xx_hal_msp.c.obj
 .ARM.attributes
                0x000002fa       0x34 CMakeFiles/hello_uart.dir/Drivers/BSP/STM32G4xx_Nucleo/stm32g4xx_nucleo.c.obj
 .ARM.attributes
                0x0000032e       0x34 CMakeFiles/hello_uart.dir/Drivers/STM32G4xx_HAL_Driver/Src/stm32g4xx_hal.c.obj
 .ARM.attributes
                0x00000362       0x34 CMakeFiles/hello_uart.dir/Drivers/STM32G4xx_HAL_Driver/Src/stm32g4xx_hal_rcc.c.obj
 .ARM.attributes
                0x00000396       0x34 CMakeFiles/hello_uart.dir/Drivers/STM32G4xx_HAL_Driver/Src/stm32g4xx_hal_rcc_ex.c.obj
 .ARM.attributes
                0x000003ca       0x34 CMakeFiles/hello_uart.dir/Drivers/STM32G4xx_HAL_Driver/Src/stm32g4xx_hal_gpio.c.obj
 .ARM.attributes
                0x000003fe       0x34 CMakeFiles/hello_uart.dir/Drivers/STM32G4xx_HAL_Driver/Src/stm32g4xx_hal_dma.c.obj
 .ARM.attributes
                0x00000432       0x34 CMakeFiles/hello_uart.dir/Drivers/STM32G4xx_HAL_Driver/Src/stm32g4xx_hal_pwr_ex.c.obj
 .ARM.attributes
                0x00000466       0x34 CMakeFiles/hello_uart.dir/Drivers/STM32G4xx_HAL_Driver/Src/stm32g4xx_hal_cortex.c.obj
 .ARM.attributes
                0x0000049a       0x34 CMakeFiles/hello_uart.dir/Drivers/STM32G4xx_HAL_Driver/Src/stm32g4xx_hal_spi.c.obj
 .ARM.attributes
                0x000004ce       0x34 CMakeFiles/hello_uart.dir/Drivers/STM32G4xx_HAL_Driver/Src/stm32g4xx_hal_uart.c.obj
 .ARM.attributes
                0x00000502       0x34 CMakeFiles/hello_uart.dir/Drivers/STM32G4xx_HAL_Driver/Src/stm32g4xx_hal_uart_ex.c.obj
 .ARM.attributes
                0x00000536       0x34 CMakeFiles/hello_uart.dir/Core/Src/system_stm32g4xx.c.obj
 .ARM.attributes
                0x0000056a       0x34 CMakeFiles/hello_uart.dir/Core/Src/sysmem.c.obj
 .ARM.attributes
                0x0000059e       0x21 CMakeFiles/hello_uart.dir/startup_stm32g431xx.s.obj
 .ARM.attributes
                0x000005bf       0x22 C:/ST/STM32CubeCLT_1.17.0/GNU-tools-for-STM32/bin/../lib/gcc/arm-none-eabi/12.3.1/thumb/v7e-m+fp/hard\libgcc.a(_arm_addsubdf3.o)
 .ARM.attributes
                0x000005e1       0x22 C:/ST/STM32CubeCLT_1.17.0/GNU-tools-for-STM32/bin/../lib/gcc/arm-none-eabi/12.3.1/thumb/v7e-m+fp/hard\libgcc.a(_arm_muldivdf3.o)
 .ARM.attributes
                0x00000603       0x22 C:/ST/STM32CubeCLT_1.17.0/GNU-tools-for-STM32/bin/../lib/gcc/arm-none-eabi/12.3.1/thumb/v7e-m+fp/hard\libgcc.a(_arm_cmpdf2.o)
 .ARM.attributes
                0x00000625       0x22 C:/ST/STM32CubeCLT_1.17.0/GNU-tools-for-STM32/bin/../lib/gcc/arm-none-eabi/12.3.1/thumb/v7e-m+fp/hard\libgcc.a(_aeabi_uldivmod.o)
 .ARM.attributes
                0x00000647       0x34 C:/ST/STM32CubeCLT_1.17.0/GNU-tools-for-STM32/bin/../lib/gcc/arm-none-eabi/12.3.1/thumb/v7e-m+fp/hard\libgcc.a(_udivmoddi4.o)
 .ARM.attributes
                0x0000067b       0x22 C:/ST/STM32CubeCLT_1.17.0/GNU-tools-for-STM32/bin/../lib/gcc/arm-none-eabi/12.3.1/thumb/v7e-m+fp/hard\libgcc.a(_dvmd_tls.o)
 .ARM.attributes
                0x0000069d       0x34 C:/ST/STM32CubeCLT_1.17.0/GNU-tools-for-STM32/bin/../lib/gcc/arm-none-eabi/12.3.1/../../../../arm-none-eabi/lib/thumb/v7e-m+fp/hard\libg_nano.a(libc_a-atoi.o)
 .ARM.attributes
                0x000006d1       0x34 C:/ST/STM32CubeCLT_1.17.0/GNU-tools-for-STM32/bin/../lib/gcc/arm-none-eabi/12.3.1/../../../../arm-none-eabi/lib/thumb/v7e-m+fp/hard\libg_nano.a(libc_a-strtol.o)
 .ARM.attributes
                0x00000705       0x34 C:/ST/STM32CubeCLT_1.17.0/GNU-tools-for-STM32/bin/../lib/gcc/arm-none-eabi/12.3.1/../../../../arm-none-eabi/lib/thumb/v7e-m+fp/hard\libg_nano.a(libc_a-ctype_.o)
 .ARM.attributes
                0x00000739       0x34 C:/ST/STM32CubeCLT_1.17.0/GNU-tools-for-STM32/bin/../lib/gcc/arm-none-eabi/12.3.1/../../../../arm-none-eabi/lib/thumb/v7e-m+fp/hard\libg_nano.a(libc_a-sprintf.o)
 .ARM.attributes
                0x0000076d       0x34 C:/ST/STM32CubeCLT_1.17.0/GNU-tools-for-STM32/bin/../lib/gcc/arm-none-eabi/12.3.1/../../../../arm-none-eabi/lib/thumb/v7e-m+fp/hard\libg_nano.a(libc_a-errno.o)
 .ARM.attributes
                0x000007a1       0x34 C:/ST/STM32CubeCLT_1.17.0/GNU-tools-for-STM32/bin/../lib/gcc/arm-none-eabi/12.3.1/../../../../arm-none-eabi/lib/thumb/v7e-m+fp/hard\libg_nano.a(libc_a-nano-svfprintf.o)
 .ARM.attributes
                0x000007d5       0x34 C:/ST/STM32CubeCLT_1.17.0/GNU-tools-for-STM32/bin/../lib/gcc/arm-none-eabi/12.3.1/../../../../arm-none-eabi/lib/thumb/v7e-m+fp/hard\libg_nano.a(libc_a-nano-vfprintf_i.o)
 .ARM.attributes
                0x00000809       0x34 C:/ST/STM32CubeCLT_1.17.0/GNU-tools-for-STM32/bin/../lib/gcc/arm-none-eabi/12.3.1/../../../../arm-none-eabi/lib/thumb/v7e-m+fp/hard\libg_nano.a(libc_a-memmove.o)
 .ARM.attributes
                0x0000083d       0x1c C:/ST/STM32CubeCLT_1.17.0/GNU-tools-for-STM32/bin/../lib/gcc/arm-none-eabi/12.3.1/../../../../arm-none-eabi/lib/thumb/v7e-m+fp/hard\libg_nano.a(libc_a-memchr.o)
 .ARM.attributes
                0x00000859       0x34 C:/ST/STM32CubeCLT_1.17.0/GNU-tools-for-STM32/bin/../lib/gcc/arm-none-eabi/12.3.1/../../../../arm-none-eabi/lib/thumb/v7e-m+fp/hard\libg_nano.a(libc_a-memcpy-stub.o)
 .ARM.attributes
                0x0000088d       0x34 C:/ST/STM32CubeCLT_1.17.0/GNU-tools-for-STM32/bin/../lib/gcc/arm-none-eabi/12.3.1/../../../../arm-none-eabi/lib/thumb/v7e-m+fp/hard\libg_nano.a(libc_a-reallocr.o)
 .ARM.attributes
                0x000008c1       0x34 C:/ST/STM32CubeCLT_1.17.0/GNU-tools-for-STM32/bin/../lib/gcc/arm-none-eabi/12.3.1/../../../../arm-none-eabi/lib/thumb/v7e-m+fp/hard\libg_nano.a(libc_a-msizer.o)
 .ARM.attributes
                0x000008f5       0x22 C:/ST/STM32CubeCLT_1.17.0/GNU-tools-for-STM32/bin/../lib/gcc/arm-none-eabi/12.3.1/thumb/v7e-m+fp/hard/crtn.o
 .ARM.attributes
                0x00000917       0x34 C:/ST/STM32CubeCLT_1.17.0/GNU-tools-for-STM32/bin/../lib/gcc/arm-none-eabi/12.3.1/../../../../arm-none-eabi/lib/thumb/v7e-m+fp/hard\libm.a(libm_a-s_ceil.o)

.comment        0x00000000       0x43
 .comment       0x00000000       0x43 CMakeFiles/hello_uart.dir/Core/Src/main.c.obj
                                 0x44 (size before relaxing)
 .comment       0x00000043       0x44 CMakeFiles/hello_uart.dir/Core/Src/stm32g4xx_it.c.obj
 .comment       0x00000043       0x44 CMakeFiles/hello_uart.dir/Core/Src/stm32g4xx_hal_msp.c.obj
 .comment       0x00000043       0x44 CMakeFiles/hello_uart.dir/Drivers/BSP/STM32G4xx_Nucleo/stm32g4xx_nucleo.c.obj
 .comment       0x00000043       0x44 CMakeFiles/hello_uart.dir/Drivers/STM32G4xx_HAL_Driver/Src/stm32g4xx_hal.c.obj
 .comment       0x00000043       0x44 CMakeFiles/hello_uart.dir/Drivers/STM32G4xx_HAL_Driver/Src/stm32g4xx_hal_rcc.c.obj
 .comment       0x00000043       0x44 CMakeFiles/hello_uart.dir/Drivers/STM32G4xx_HAL_Driver/Src/stm32g4xx_hal_rcc_ex.c.obj
 .comment       0x00000043       0x44 CMakeFiles/hello_uart.dir/Drivers/STM32G4xx_HAL_Driver/Src/stm32g4xx_hal_gpio.c.obj
 .comment       0x00000043       0x44 CMakeFiles/hello_uart.dir/Drivers/STM32G4xx_HAL_Driver/Src/stm32g4xx_hal_dma.c.obj
 .comment       0x00000043       0x44 CMakeFiles/hello_uart.dir/Drivers/STM32G4xx_HAL_Driver/Src/stm32g4xx_hal_pwr_ex.c.obj
 .comment       0x00000043       0x44 CMakeFiles/hello_uart.dir/Drivers/STM32G4xx_HAL_Driver/Src/stm32g4xx_hal_cortex.c.obj
 .comment       0x00000043       0x44 CMakeFiles/hello_uart.dir/Drivers/STM32G4xx_HAL_Driver/Src/stm32g4xx_hal_spi.c.obj
 .comment       0x00000043       0x44 CMakeFiles/hello_uart.dir/Drivers/STM32G4xx_HAL_Driver/Src/stm32g4xx_hal_uart.c.obj
 .comment       0x00000043       0x44 CMakeFiles/hello_uart.dir/Drivers/STM32G4xx_HAL_Driver/Src/stm32g4xx_hal_uart_ex.c.obj
 .comment       0x00000043       0x44 CMakeFiles/hello_uart.dir/Core/Src/system_stm32g4xx.c.obj
 .comment       0x00000043       0x44 CMakeFiles/hello_uart.dir/Core/Src/sysmem.c.obj
 .comment       0x00000043       0x44 C:/ST/STM32CubeCLT_1.17.0/GNU-tools-for-STM32/bin/../lib/gcc/arm-none-eabi/12.3.1/../../../../arm-none-eabi/lib/thumb/v7e-m+fp/hard\libg_nano.a(libc_a-atoi.o)
 .comment       0x00000043       0x44 C:/ST/STM32CubeCLT_1.17.0/GNU-tools-for-STM32/bin/../lib/gcc/arm-none-eabi/12.3.1/../../../../arm-none-eabi/lib/thumb/v7e-m+fp/hard\libg_nano.a(libc_a-strtol.o)
 .comment       0x00000043       0x44 C:/ST/STM32CubeCLT_1.17.0/GNU-tools-for-STM32/bin/../lib/gcc/arm-none-eabi/12.3.1/../../../../arm-none-eabi/lib/thumb/v7e-m+fp/hard\libg_nano.a(libc_a-ctype_.o)
 .comment       0x00000043       0x44 C:/ST/STM32CubeCLT_1.17.0/GNU-tools-for-STM32/bin/../lib/gcc/arm-none-eabi/12.3.1/../../../../arm-none-eabi/lib/thumb/v7e-m+fp/hard\libg_nano.a(libc_a-sprintf.o)
 .comment       0x00000043       0x44 C:/ST/STM32CubeCLT_1.17.0/GNU-tools-for-STM32/bin/../lib/gcc/arm-none-eabi/12.3.1/../../../../arm-none-eabi/lib/thumb/v7e-m+fp/hard\libg_nano.a(libc_a-errno.o)
 .comment       0x00000043       0x44 C:/ST/STM32CubeCLT_1.17.0/GNU-tools-for-STM32/bin/../lib/gcc/arm-none-eabi/12.3.1/../../../../arm-none-eabi/lib/thumb/v7e-m+fp/hard\libg_nano.a(libc_a-nano-svfprintf.o)
 .comment       0x00000043       0x44 C:/ST/STM32CubeCLT_1.17.0/GNU-tools-for-STM32/bin/../lib/gcc/arm-none-eabi/12.3.1/../../../../arm-none-eabi/lib/thumb/v7e-m+fp/hard\libg_nano.a(libc_a-nano-vfprintf_i.o)
 .comment       0x00000043       0x44 C:/ST/STM32CubeCLT_1.17.0/GNU-tools-for-STM32/bin/../lib/gcc/arm-none-eabi/12.3.1/../../../../arm-none-eabi/lib/thumb/v7e-m+fp/hard\libg_nano.a(libc_a-memmove.o)
 .comment       0x00000043       0x44 C:/ST/STM32CubeCLT_1.17.0/GNU-tools-for-STM32/bin/../lib/gcc/arm-none-eabi/12.3.1/../../../../arm-none-eabi/lib/thumb/v7e-m+fp/hard\libg_nano.a(libc_a-memcpy-stub.o)
 .comment       0x00000043       0x44 C:/ST/STM32CubeCLT_1.17.0/GNU-tools-for-STM32/bin/../lib/gcc/arm-none-eabi/12.3.1/../../../../arm-none-eabi/lib/thumb/v7e-m+fp/hard\libg_nano.a(libc_a-reallocr.o)
 .comment       0x00000043       0x44 C:/ST/STM32CubeCLT_1.17.0/GNU-tools-for-STM32/bin/../lib/gcc/arm-none-eabi/12.3.1/../../../../arm-none-eabi/lib/thumb/v7e-m+fp/hard\libg_nano.a(libc_a-msizer.o)

.debug_frame    0x00000000     0x3d68
 .debug_frame   0x00000000      0x144 C:/ST/STM32CubeCLT_1.17.0/GNU-tools-for-STM32/bin/../lib/gcc/arm-none-eabi/12.3.1/../../../../arm-none-eabi/lib/thumb/v7e-m+fp/hard\libc_nano.a(libc_a-findfp.o)
 .debug_frame   0x00000144       0x20 C:/ST/STM32CubeCLT_1.17.0/GNU-tools-for-STM32/bin/../lib/gcc/arm-none-eabi/12.3.1/../../../../arm-none-eabi/lib/thumb/v7e-m+fp/hard\libc_nano.a(libc_a-memset.o)
 .debug_frame   0x00000164       0x38 C:/ST/STM32CubeCLT_1.17.0/GNU-tools-for-STM32/bin/../lib/gcc/arm-none-eabi/12.3.1/../../../../arm-none-eabi/lib/thumb/v7e-m+fp/hard\libc_nano.a(libc_a-reent.o)
 .debug_frame   0x0000019c       0x2c C:/ST/STM32CubeCLT_1.17.0/GNU-tools-for-STM32/bin/../lib/gcc/arm-none-eabi/12.3.1/../../../../arm-none-eabi/lib/thumb/v7e-m+fp/hard\libc_nano.a(libc_a-init.o)
 .debug_frame   0x000001c8       0xb0 C:/ST/STM32CubeCLT_1.17.0/GNU-tools-for-STM32/bin/../lib/gcc/arm-none-eabi/12.3.1/../../../../arm-none-eabi/lib/thumb/v7e-m+fp/hard\libc_nano.a(libc_a-lock.o)
 .debug_frame   0x00000278       0x38 C:/ST/STM32CubeCLT_1.17.0/GNU-tools-for-STM32/bin/../lib/gcc/arm-none-eabi/12.3.1/../../../../arm-none-eabi/lib/thumb/v7e-m+fp/hard\libc_nano.a(libc_a-freer.o)
 .debug_frame   0x000002b0       0x50 C:/ST/STM32CubeCLT_1.17.0/GNU-tools-for-STM32/bin/../lib/gcc/arm-none-eabi/12.3.1/../../../../arm-none-eabi/lib/thumb/v7e-m+fp/hard\libc_nano.a(libc_a-mallocr.o)
 .debug_frame   0x00000300       0x30 C:/ST/STM32CubeCLT_1.17.0/GNU-tools-for-STM32/bin/../lib/gcc/arm-none-eabi/12.3.1/../../../../arm-none-eabi/lib/thumb/v7e-m+fp/hard\libc_nano.a(libc_a-mlock.o)
 .debug_frame   0x00000330       0x2c C:/ST/STM32CubeCLT_1.17.0/GNU-tools-for-STM32/bin/../lib/gcc/arm-none-eabi/12.3.1/../../../../arm-none-eabi/lib/thumb/v7e-m+fp/hard\libc_nano.a(libc_a-sbrkr.o)
 .debug_frame   0x0000035c      0x25c CMakeFiles/hello_uart.dir/Core/Src/main.c.obj
 .debug_frame   0x000005b8      0x120 CMakeFiles/hello_uart.dir/Core/Src/stm32g4xx_it.c.obj
 .debug_frame   0x000006d8       0xc4 CMakeFiles/hello_uart.dir/Core/Src/stm32g4xx_hal_msp.c.obj
 .debug_frame   0x0000079c      0x31c CMakeFiles/hello_uart.dir/Drivers/BSP/STM32G4xx_Nucleo/stm32g4xx_nucleo.c.obj
 .debug_frame   0x00000ab8      0x500 CMakeFiles/hello_uart.dir/Drivers/STM32G4xx_HAL_Driver/Src/stm32g4xx_hal.c.obj
 .debug_frame   0x00000fb8      0x23c CMakeFiles/hello_uart.dir/Drivers/STM32G4xx_HAL_Driver/Src/stm32g4xx_hal_rcc.c.obj
 .debug_frame   0x000011f4      0x2ac CMakeFiles/hello_uart.dir/Drivers/STM32G4xx_HAL_Driver/Src/stm32g4xx_hal_rcc_ex.c.obj
 .debug_frame   0x000014a0      0x14c CMakeFiles/hello_uart.dir/Drivers/STM32G4xx_HAL_Driver/Src/stm32g4xx_hal_gpio.c.obj
 .debug_frame   0x000015ec      0x24c CMakeFiles/hello_uart.dir/Drivers/STM32G4xx_HAL_Driver/Src/stm32g4xx_hal_dma.c.obj
 .debug_frame   0x00001838      0x4fc CMakeFiles/hello_uart.dir/Drivers/STM32G4xx_HAL_Driver/Src/stm32g4xx_hal_pwr_ex.c.obj
 .debug_frame   0x00001d34      0x4e8 CMakeFiles/hello_uart.dir/Drivers/STM32G4xx_HAL_Driver/Src/stm32g4xx_hal_cortex.c.obj
 .debug_frame   0x0000221c      0x860 CMakeFiles/hello_uart.dir/Drivers/STM32G4xx_HAL_Driver/Src/stm32g4xx_hal_spi.c.obj
 .debug_frame   0x00002a7c      0xa94 CMakeFiles/hello_uart.dir/Drivers/STM32G4xx_HAL_Driver/Src/stm32g4xx_hal_uart.c.obj
 .debug_frame   0x00003510      0x2c0 CMakeFiles/hello_uart.dir/Drivers/STM32G4xx_HAL_Driver/Src/stm32g4xx_hal_uart_ex.c.obj
 .debug_frame   0x000037d0       0x58 CMakeFiles/hello_uart.dir/Core/Src/system_stm32g4xx.c.obj
 .debug_frame   0x00003828       0x34 CMakeFiles/hello_uart.dir/Core/Src/sysmem.c.obj
 .debug_frame   0x0000385c       0xac C:/ST/STM32CubeCLT_1.17.0/GNU-tools-for-STM32/bin/../lib/gcc/arm-none-eabi/12.3.1/thumb/v7e-m+fp/hard\libgcc.a(_arm_addsubdf3.o)
 .debug_frame   0x00003908       0x50 C:/ST/STM32CubeCLT_1.17.0/GNU-tools-for-STM32/bin/../lib/gcc/arm-none-eabi/12.3.1/thumb/v7e-m+fp/hard\libgcc.a(_arm_muldivdf3.o)
 .debug_frame   0x00003958       0xc4 C:/ST/STM32CubeCLT_1.17.0/GNU-tools-for-STM32/bin/../lib/gcc/arm-none-eabi/12.3.1/thumb/v7e-m+fp/hard\libgcc.a(_arm_cmpdf2.o)
 .debug_frame   0x00003a1c       0x2c C:/ST/STM32CubeCLT_1.17.0/GNU-tools-for-STM32/bin/../lib/gcc/arm-none-eabi/12.3.1/thumb/v7e-m+fp/hard\libgcc.a(_aeabi_uldivmod.o)
 .debug_frame   0x00003a48       0x34 C:/ST/STM32CubeCLT_1.17.0/GNU-tools-for-STM32/bin/../lib/gcc/arm-none-eabi/12.3.1/thumb/v7e-m+fp/hard\libgcc.a(_udivmoddi4.o)
 .debug_frame   0x00003a7c       0x30 C:/ST/STM32CubeCLT_1.17.0/GNU-tools-for-STM32/bin/../lib/gcc/arm-none-eabi/12.3.1/../../../../arm-none-eabi/lib/thumb/v7e-m+fp/hard\libg_nano.a(libc_a-atoi.o)
 .debug_frame   0x00003aac       0x64 C:/ST/STM32CubeCLT_1.17.0/GNU-tools-for-STM32/bin/../lib/gcc/arm-none-eabi/12.3.1/../../../../arm-none-eabi/lib/thumb/v7e-m+fp/hard\libg_nano.a(libc_a-strtol.o)
 .debug_frame   0x00003b10       0x6c C:/ST/STM32CubeCLT_1.17.0/GNU-tools-for-STM32/bin/../lib/gcc/arm-none-eabi/12.3.1/../../../../arm-none-eabi/lib/thumb/v7e-m+fp/hard\libg_nano.a(libc_a-sprintf.o)
 .debug_frame   0x00003b7c       0x20 C:/ST/STM32CubeCLT_1.17.0/GNU-tools-for-STM32/bin/../lib/gcc/arm-none-eabi/12.3.1/../../../../arm-none-eabi/lib/thumb/v7e-m+fp/hard\libg_nano.a(libc_a-errno.o)
 .debug_frame   0x00003b9c       0x90 C:/ST/STM32CubeCLT_1.17.0/GNU-tools-for-STM32/bin/../lib/gcc/arm-none-eabi/12.3.1/../../../../arm-none-eabi/lib/thumb/v7e-m+fp/hard\libg_nano.a(libc_a-nano-svfprintf.o)
 .debug_frame   0x00003c2c       0x60 C:/ST/STM32CubeCLT_1.17.0/GNU-tools-for-STM32/bin/../lib/gcc/arm-none-eabi/12.3.1/../../../../arm-none-eabi/lib/thumb/v7e-m+fp/hard\libg_nano.a(libc_a-nano-vfprintf_i.o)
 .debug_frame   0x00003c8c       0x28 C:/ST/STM32CubeCLT_1.17.0/GNU-tools-for-STM32/bin/../lib/gcc/arm-none-eabi/12.3.1/../../../../arm-none-eabi/lib/thumb/v7e-m+fp/hard\libg_nano.a(libc_a-memmove.o)
 .debug_frame   0x00003cb4       0x28 C:/ST/STM32CubeCLT_1.17.0/GNU-tools-for-STM32/bin/../lib/gcc/arm-none-eabi/12.3.1/../../../../arm-none-eabi/lib/thumb/v7e-m+fp/hard\libg_nano.a(libc_a-memcpy-stub.o)
 .debug_frame   0x00003cdc       0x3c C:/ST/STM32CubeCLT_1.17.0/GNU-tools-for-STM32/bin/../lib/gcc/arm-none-eabi/12.3.1/../../../../arm-none-eabi/lib/thumb/v7e-m+fp/hard\libg_nano.a(libc_a-reallocr.o)
 .debug_frame   0x00003d18       0x20 C:/ST/STM32CubeCLT_1.17.0/GNU-tools-for-STM32/bin/../lib/gcc/arm-none-eabi/12.3.1/../../../../arm-none-eabi/lib/thumb/v7e-m+fp/hard\libg_nano.a(libc_a-msizer.o)
 .debug_frame   0x00003d38       0x30 C:/ST/STM32CubeCLT_1.17.0/GNU-tools-for-STM32/bin/../lib/gcc/arm-none-eabi/12.3.1/../../../../arm-none-eabi/lib/thumb/v7e-m+fp/hard\libm.a(libm_a-s_ceil.o)

.debug_info     0x00000000    0x15e1c
 .debug_info    0x00000000     0x17b9 CMakeFiles/hello_uart.dir/Core/Src/main.c.obj
 .debug_info    0x000017b9      0x855 CMakeFiles/hello_uart.dir/Core/Src/stm32g4xx_it.c.obj
 .debug_info    0x0000200e     0x12a4 CMakeFiles/hello_uart.dir/Core/Src/stm32g4xx_hal_msp.c.obj
 .debug_info    0x000032b2     0x1690 CMakeFiles/hello_uart.dir/Drivers/BSP/STM32G4xx_Nucleo/stm32g4xx_nucleo.c.obj
 .debug_info    0x00004942      0xadb CMakeFiles/hello_uart.dir/Drivers/STM32G4xx_HAL_Driver/Src/stm32g4xx_hal.c.obj
 .debug_info    0x0000541d      0xb82 CMakeFiles/hello_uart.dir/Drivers/STM32G4xx_HAL_Driver/Src/stm32g4xx_hal_rcc.c.obj
 .debug_info    0x00005f9f      0xc15 CMakeFiles/hello_uart.dir/Drivers/STM32G4xx_HAL_Driver/Src/stm32g4xx_hal_rcc_ex.c.obj
 .debug_info    0x00006bb4      0x763 CMakeFiles/hello_uart.dir/Drivers/STM32G4xx_HAL_Driver/Src/stm32g4xx_hal_gpio.c.obj
 .debug_info    0x00007317      0x85f CMakeFiles/hello_uart.dir/Drivers/STM32G4xx_HAL_Driver/Src/stm32g4xx_hal_dma.c.obj
 .debug_info    0x00007b76      0x93f CMakeFiles/hello_uart.dir/Drivers/STM32G4xx_HAL_Driver/Src/stm32g4xx_hal_pwr_ex.c.obj
 .debug_info    0x000084b5      0xd3f CMakeFiles/hello_uart.dir/Drivers/STM32G4xx_HAL_Driver/Src/stm32g4xx_hal_cortex.c.obj
 .debug_info    0x000091f4     0x1677 CMakeFiles/hello_uart.dir/Drivers/STM32G4xx_HAL_Driver/Src/stm32g4xx_hal_spi.c.obj
 .debug_info    0x0000a86b     0x481e CMakeFiles/hello_uart.dir/Drivers/STM32G4xx_HAL_Driver/Src/stm32g4xx_hal_uart.c.obj
 .debug_info    0x0000f089      0xfdd CMakeFiles/hello_uart.dir/Drivers/STM32G4xx_HAL_Driver/Src/stm32g4xx_hal_uart_ex.c.obj
 .debug_info    0x00010066      0x58e CMakeFiles/hello_uart.dir/Core/Src/system_stm32g4xx.c.obj
 .debug_info    0x000105f4      0x168 CMakeFiles/hello_uart.dir/Core/Src/sysmem.c.obj
 .debug_info    0x0001075c       0x30 CMakeFiles/hello_uart.dir/startup_stm32g431xx.s.obj
 .debug_info    0x0001078c      0x7c7 C:/ST/STM32CubeCLT_1.17.0/GNU-tools-for-STM32/bin/../lib/gcc/arm-none-eabi/12.3.1/../../../../arm-none-eabi/lib/thumb/v7e-m+fp/hard\libg_nano.a(libc_a-atoi.o)
 .debug_info    0x00010f53      0xd3d C:/ST/STM32CubeCLT_1.17.0/GNU-tools-for-STM32/bin/../lib/gcc/arm-none-eabi/12.3.1/../../../../arm-none-eabi/lib/thumb/v7e-m+fp/hard\libg_nano.a(libc_a-strtol.o)
 .debug_info    0x00011c90       0xb9 C:/ST/STM32CubeCLT_1.17.0/GNU-tools-for-STM32/bin/../lib/gcc/arm-none-eabi/12.3.1/../../../../arm-none-eabi/lib/thumb/v7e-m+fp/hard\libg_nano.a(libc_a-ctype_.o)
 .debug_info    0x00011d49      0x87f C:/ST/STM32CubeCLT_1.17.0/GNU-tools-for-STM32/bin/../lib/gcc/arm-none-eabi/12.3.1/../../../../arm-none-eabi/lib/thumb/v7e-m+fp/hard\libg_nano.a(libc_a-sprintf.o)
 .debug_info    0x000125c8      0x6fb C:/ST/STM32CubeCLT_1.17.0/GNU-tools-for-STM32/bin/../lib/gcc/arm-none-eabi/12.3.1/../../../../arm-none-eabi/lib/thumb/v7e-m+fp/hard\libg_nano.a(libc_a-errno.o)
 .debug_info    0x00012cc3     0x10c7 C:/ST/STM32CubeCLT_1.17.0/GNU-tools-for-STM32/bin/../lib/gcc/arm-none-eabi/12.3.1/../../../../arm-none-eabi/lib/thumb/v7e-m+fp/hard\libg_nano.a(libc_a-nano-svfprintf.o)
 .debug_info    0x00013d8a      0xde2 C:/ST/STM32CubeCLT_1.17.0/GNU-tools-for-STM32/bin/../lib/gcc/arm-none-eabi/12.3.1/../../../../arm-none-eabi/lib/thumb/v7e-m+fp/hard\libg_nano.a(libc_a-nano-vfprintf_i.o)
 .debug_info    0x00014b6c      0x10f C:/ST/STM32CubeCLT_1.17.0/GNU-tools-for-STM32/bin/../lib/gcc/arm-none-eabi/12.3.1/../../../../arm-none-eabi/lib/thumb/v7e-m+fp/hard\libg_nano.a(libc_a-memmove.o)
 .debug_info    0x00014c7b       0x25 C:/ST/STM32CubeCLT_1.17.0/GNU-tools-for-STM32/bin/../lib/gcc/arm-none-eabi/12.3.1/../../../../arm-none-eabi/lib/thumb/v7e-m+fp/hard\libg_nano.a(libc_a-memchr.o)
 .debug_info    0x00014ca0      0x121 C:/ST/STM32CubeCLT_1.17.0/GNU-tools-for-STM32/bin/../lib/gcc/arm-none-eabi/12.3.1/../../../../arm-none-eabi/lib/thumb/v7e-m+fp/hard\libg_nano.a(libc_a-memcpy-stub.o)
 .debug_info    0x00014dc1      0x8c7 C:/ST/STM32CubeCLT_1.17.0/GNU-tools-for-STM32/bin/../lib/gcc/arm-none-eabi/12.3.1/../../../../arm-none-eabi/lib/thumb/v7e-m+fp/hard\libg_nano.a(libc_a-reallocr.o)
 .debug_info    0x00015688      0x794 C:/ST/STM32CubeCLT_1.17.0/GNU-tools-for-STM32/bin/../lib/gcc/arm-none-eabi/12.3.1/../../../../arm-none-eabi/lib/thumb/v7e-m+fp/hard\libg_nano.a(libc_a-msizer.o)

.debug_abbrev   0x00000000     0x375b
 .debug_abbrev  0x00000000      0x2fb CMakeFiles/hello_uart.dir/Core/Src/main.c.obj
 .debug_abbrev  0x000002fb      0x170 CMakeFiles/hello_uart.dir/Core/Src/stm32g4xx_it.c.obj
 .debug_abbrev  0x0000046b      0x1eb CMakeFiles/hello_uart.dir/Core/Src/stm32g4xx_hal_msp.c.obj
 .debug_abbrev  0x00000656      0x2fb CMakeFiles/hello_uart.dir/Drivers/BSP/STM32G4xx_Nucleo/stm32g4xx_nucleo.c.obj
 .debug_abbrev  0x00000951      0x271 CMakeFiles/hello_uart.dir/Drivers/STM32G4xx_HAL_Driver/Src/stm32g4xx_hal.c.obj
 .debug_abbrev  0x00000bc2      0x2c9 CMakeFiles/hello_uart.dir/Drivers/STM32G4xx_HAL_Driver/Src/stm32g4xx_hal_rcc.c.obj
 .debug_abbrev  0x00000e8b      0x258 CMakeFiles/hello_uart.dir/Drivers/STM32G4xx_HAL_Driver/Src/stm32g4xx_hal_rcc_ex.c.obj
 .debug_abbrev  0x000010e3      0x1cb CMakeFiles/hello_uart.dir/Drivers/STM32G4xx_HAL_Driver/Src/stm32g4xx_hal_gpio.c.obj
 .debug_abbrev  0x000012ae      0x1e2 CMakeFiles/hello_uart.dir/Drivers/STM32G4xx_HAL_Driver/Src/stm32g4xx_hal_dma.c.obj
 .debug_abbrev  0x00001490      0x22c CMakeFiles/hello_uart.dir/Drivers/STM32G4xx_HAL_Driver/Src/stm32g4xx_hal_pwr_ex.c.obj
 .debug_abbrev  0x000016bc      0x31c CMakeFiles/hello_uart.dir/Drivers/STM32G4xx_HAL_Driver/Src/stm32g4xx_hal_cortex.c.obj
 .debug_abbrev  0x000019d8      0x25d CMakeFiles/hello_uart.dir/Drivers/STM32G4xx_HAL_Driver/Src/stm32g4xx_hal_spi.c.obj
 .debug_abbrev  0x00001c35      0x304 CMakeFiles/hello_uart.dir/Drivers/STM32G4xx_HAL_Driver/Src/stm32g4xx_hal_uart.c.obj
 .debug_abbrev  0x00001f39      0x2d2 CMakeFiles/hello_uart.dir/Drivers/STM32G4xx_HAL_Driver/Src/stm32g4xx_hal_uart_ex.c.obj
 .debug_abbrev  0x0000220b      0x11a CMakeFiles/hello_uart.dir/Core/Src/system_stm32g4xx.c.obj
 .debug_abbrev  0x00002325       0xbc CMakeFiles/hello_uart.dir/Core/Src/sysmem.c.obj
 .debug_abbrev  0x000023e1       0x24 CMakeFiles/hello_uart.dir/startup_stm32g431xx.s.obj
 .debug_abbrev  0x00002405      0x1b2 C:/ST/STM32CubeCLT_1.17.0/GNU-tools-for-STM32/bin/../lib/gcc/arm-none-eabi/12.3.1/../../../../arm-none-eabi/lib/thumb/v7e-m+fp/hard\libg_nano.a(libc_a-atoi.o)
 .debug_abbrev  0x000025b7      0x2ee C:/ST/STM32CubeCLT_1.17.0/GNU-tools-for-STM32/bin/../lib/gcc/arm-none-eabi/12.3.1/../../../../arm-none-eabi/lib/thumb/v7e-m+fp/hard\libg_nano.a(libc_a-strtol.o)
 .debug_abbrev  0x000028a5       0x62 C:/ST/STM32CubeCLT_1.17.0/GNU-tools-for-STM32/bin/../lib/gcc/arm-none-eabi/12.3.1/../../../../arm-none-eabi/lib/thumb/v7e-m+fp/hard\libg_nano.a(libc_a-ctype_.o)
 .debug_abbrev  0x00002907      0x21c C:/ST/STM32CubeCLT_1.17.0/GNU-tools-for-STM32/bin/../lib/gcc/arm-none-eabi/12.3.1/../../../../arm-none-eabi/lib/thumb/v7e-m+fp/hard\libg_nano.a(libc_a-sprintf.o)
 .debug_abbrev  0x00002b23      0x15e C:/ST/STM32CubeCLT_1.17.0/GNU-tools-for-STM32/bin/../lib/gcc/arm-none-eabi/12.3.1/../../../../arm-none-eabi/lib/thumb/v7e-m+fp/hard\libg_nano.a(libc_a-errno.o)
 .debug_abbrev  0x00002c81      0x31e C:/ST/STM32CubeCLT_1.17.0/GNU-tools-for-STM32/bin/../lib/gcc/arm-none-eabi/12.3.1/../../../../arm-none-eabi/lib/thumb/v7e-m+fp/hard\libg_nano.a(libc_a-nano-svfprintf.o)
 .debug_abbrev  0x00002f9f      0x28e C:/ST/STM32CubeCLT_1.17.0/GNU-tools-for-STM32/bin/../lib/gcc/arm-none-eabi/12.3.1/../../../../arm-none-eabi/lib/thumb/v7e-m+fp/hard\libg_nano.a(libc_a-nano-vfprintf_i.o)
 .debug_abbrev  0x0000322d       0xac C:/ST/STM32CubeCLT_1.17.0/GNU-tools-for-STM32/bin/../lib/gcc/arm-none-eabi/12.3.1/../../../../arm-none-eabi/lib/thumb/v7e-m+fp/hard\libg_nano.a(libc_a-memmove.o)
 .debug_abbrev  0x000032d9       0x14 C:/ST/STM32CubeCLT_1.17.0/GNU-tools-for-STM32/bin/../lib/gcc/arm-none-eabi/12.3.1/../../../../arm-none-eabi/lib/thumb/v7e-m+fp/hard\libg_nano.a(libc_a-memchr.o)
 .debug_abbrev  0x000032ed       0xc1 C:/ST/STM32CubeCLT_1.17.0/GNU-tools-for-STM32/bin/../lib/gcc/arm-none-eabi/12.3.1/../../../../arm-none-eabi/lib/thumb/v7e-m+fp/hard\libg_nano.a(libc_a-memcpy-stub.o)
 .debug_abbrev  0x000033ae      0x217 C:/ST/STM32CubeCLT_1.17.0/GNU-tools-for-STM32/bin/../lib/gcc/arm-none-eabi/12.3.1/../../../../arm-none-eabi/lib/thumb/v7e-m+fp/hard\libg_nano.a(libc_a-reallocr.o)
 .debug_abbrev  0x000035c5      0x196 C:/ST/STM32CubeCLT_1.17.0/GNU-tools-for-STM32/bin/../lib/gcc/arm-none-eabi/12.3.1/../../../../arm-none-eabi/lib/thumb/v7e-m+fp/hard\libg_nano.a(libc_a-msizer.o)

.debug_aranges  0x00000000      0xee8
 .debug_aranges
                0x00000000       0xa8 CMakeFiles/hello_uart.dir/Core/Src/main.c.obj
 .debug_aranges
                0x000000a8       0x68 CMakeFiles/hello_uart.dir/Core/Src/stm32g4xx_it.c.obj
 .debug_aranges
                0x00000110       0x40 CMakeFiles/hello_uart.dir/Core/Src/stm32g4xx_hal_msp.c.obj
 .debug_aranges
                0x00000150       0xc8 CMakeFiles/hello_uart.dir/Drivers/BSP/STM32G4xx_Nucleo/stm32g4xx_nucleo.c.obj
 .debug_aranges
                0x00000218      0x148 CMakeFiles/hello_uart.dir/Drivers/STM32G4xx_HAL_Driver/Src/stm32g4xx_hal.c.obj
 .debug_aranges
                0x00000360       0x98 CMakeFiles/hello_uart.dir/Drivers/STM32G4xx_HAL_Driver/Src/stm32g4xx_hal_rcc.c.obj
 .debug_aranges
                0x000003f8       0xb0 CMakeFiles/hello_uart.dir/Drivers/STM32G4xx_HAL_Driver/Src/stm32g4xx_hal_rcc_ex.c.obj
 .debug_aranges
                0x000004a8       0x58 CMakeFiles/hello_uart.dir/Drivers/STM32G4xx_HAL_Driver/Src/stm32g4xx_hal_gpio.c.obj
 .debug_aranges
                0x00000500       0x90 CMakeFiles/hello_uart.dir/Drivers/STM32G4xx_HAL_Driver/Src/stm32g4xx_hal_dma.c.obj
 .debug_aranges
                0x00000590      0x140 CMakeFiles/hello_uart.dir/Drivers/STM32G4xx_HAL_Driver/Src/stm32g4xx_hal_pwr_ex.c.obj
 .debug_aranges
                0x000006d0      0x128 CMakeFiles/hello_uart.dir/Drivers/STM32G4xx_HAL_Driver/Src/stm32g4xx_hal_cortex.c.obj
 .debug_aranges
                0x000007f8      0x1d8 CMakeFiles/hello_uart.dir/Drivers/STM32G4xx_HAL_Driver/Src/stm32g4xx_hal_spi.c.obj
 .debug_aranges
                0x000009d0      0x248 CMakeFiles/hello_uart.dir/Drivers/STM32G4xx_HAL_Driver/Src/stm32g4xx_hal_uart.c.obj
 .debug_aranges
                0x00000c18       0xa8 CMakeFiles/hello_uart.dir/Drivers/STM32G4xx_HAL_Driver/Src/stm32g4xx_hal_uart_ex.c.obj
 .debug_aranges
                0x00000cc0       0x28 CMakeFiles/hello_uart.dir/Core/Src/system_stm32g4xx.c.obj
 .debug_aranges
                0x00000ce8       0x20 CMakeFiles/hello_uart.dir/Core/Src/sysmem.c.obj
 .debug_aranges
                0x00000d08       0x28 CMakeFiles/hello_uart.dir/startup_stm32g431xx.s.obj
 .debug_aranges
                0x00000d30       0x28 C:/ST/STM32CubeCLT_1.17.0/GNU-tools-for-STM32/bin/../lib/gcc/arm-none-eabi/12.3.1/../../../../arm-none-eabi/lib/thumb/v7e-m+fp/hard\libg_nano.a(libc_a-atoi.o)
 .debug_aranges
                0x00000d58       0x38 C:/ST/STM32CubeCLT_1.17.0/GNU-tools-for-STM32/bin/../lib/gcc/arm-none-eabi/12.3.1/../../../../arm-none-eabi/lib/thumb/v7e-m+fp/hard\libg_nano.a(libc_a-strtol.o)
 .debug_aranges
                0x00000d90       0x18 C:/ST/STM32CubeCLT_1.17.0/GNU-tools-for-STM32/bin/../lib/gcc/arm-none-eabi/12.3.1/../../../../arm-none-eabi/lib/thumb/v7e-m+fp/hard\libg_nano.a(libc_a-ctype_.o)
 .debug_aranges
                0x00000da8       0x28 C:/ST/STM32CubeCLT_1.17.0/GNU-tools-for-STM32/bin/../lib/gcc/arm-none-eabi/12.3.1/../../../../arm-none-eabi/lib/thumb/v7e-m+fp/hard\libg_nano.a(libc_a-sprintf.o)
 .debug_aranges
                0x00000dd0       0x20 C:/ST/STM32CubeCLT_1.17.0/GNU-tools-for-STM32/bin/../lib/gcc/arm-none-eabi/12.3.1/../../../../arm-none-eabi/lib/thumb/v7e-m+fp/hard\libg_nano.a(libc_a-errno.o)
 .debug_aranges
                0x00000df0       0x30 C:/ST/STM32CubeCLT_1.17.0/GNU-tools-for-STM32/bin/../lib/gcc/arm-none-eabi/12.3.1/../../../../arm-none-eabi/lib/thumb/v7e-m+fp/hard\libg_nano.a(libc_a-nano-svfprintf.o)
 .debug_aranges
                0x00000e20       0x28 C:/ST/STM32CubeCLT_1.17.0/GNU-tools-for-STM32/bin/../lib/gcc/arm-none-eabi/12.3.1/../../../../arm-none-eabi/lib/thumb/v7e-m+fp/hard\libg_nano.a(libc_a-nano-vfprintf_i.o)
 .debug_aranges
                0x00000e48       0x20 C:/ST/STM32CubeCLT_1.17.0/GNU-tools-for-STM32/bin/../lib/gcc/arm-none-eabi/12.3.1/../../../../arm-none-eabi/lib/thumb/v7e-m+fp/hard\libg_nano.a(libc_a-memmove.o)
 .debug_aranges
                0x00000e68       0x20 C:/ST/STM32CubeCLT_1.17.0/GNU-tools-for-STM32/bin/../lib/gcc/arm-none-eabi/12.3.1/../../../../arm-none-eabi/lib/thumb/v7e-m+fp/hard\libg_nano.a(libc_a-memchr.o)
 .debug_aranges
                0x00000e88       0x20 C:/ST/STM32CubeCLT_1.17.0/GNU-tools-for-STM32/bin/../lib/gcc/arm-none-eabi/12.3.1/../../../../arm-none-eabi/lib/thumb/v7e-m+fp/hard\libg_nano.a(libc_a-memcpy-stub.o)
 .debug_aranges
                0x00000ea8       0x20 C:/ST/STM32CubeCLT_1.17.0/GNU-tools-for-STM32/bin/../lib/gcc/arm-none-eabi/12.3.1/../../../../arm-none-eabi/lib/thumb/v7e-m+fp/hard\libg_nano.a(libc_a-reallocr.o)
 .debug_aranges
                0x00000ec8       0x20 C:/ST/STM32CubeCLT_1.17.0/GNU-tools-for-STM32/bin/../lib/gcc/arm-none-eabi/12.3.1/../../../../arm-none-eabi/lib/thumb/v7e-m+fp/hard\libg_nano.a(libc_a-msizer.o)

.debug_rnglists
                0x00000000      0xb88
 .debug_rnglists
                0x00000000       0x80 CMakeFiles/hello_uart.dir/Core/Src/main.c.obj
 .debug_rnglists
                0x00000080       0x49 CMakeFiles/hello_uart.dir/Core/Src/stm32g4xx_it.c.obj
 .debug_rnglists
                0x000000c9       0x2d CMakeFiles/hello_uart.dir/Core/Src/stm32g4xx_hal_msp.c.obj
 .debug_rnglists
                0x000000f6       0x93 CMakeFiles/hello_uart.dir/Drivers/BSP/STM32G4xx_Nucleo/stm32g4xx_nucleo.c.obj
 .debug_rnglists
                0x00000189       0xf1 CMakeFiles/hello_uart.dir/Drivers/STM32G4xx_HAL_Driver/Src/stm32g4xx_hal.c.obj
 .debug_rnglists
                0x0000027a       0x74 CMakeFiles/hello_uart.dir/Drivers/STM32G4xx_HAL_Driver/Src/stm32g4xx_hal_rcc.c.obj
 .debug_rnglists
                0x000002ee       0x87 CMakeFiles/hello_uart.dir/Drivers/STM32G4xx_HAL_Driver/Src/stm32g4xx_hal_rcc_ex.c.obj
 .debug_rnglists
                0x00000375       0x3f CMakeFiles/hello_uart.dir/Drivers/STM32G4xx_HAL_Driver/Src/stm32g4xx_hal_gpio.c.obj
 .debug_rnglists
                0x000003b4       0x71 CMakeFiles/hello_uart.dir/Drivers/STM32G4xx_HAL_Driver/Src/stm32g4xx_hal_dma.c.obj
 .debug_rnglists
                0x00000425       0xf1 CMakeFiles/hello_uart.dir/Drivers/STM32G4xx_HAL_Driver/Src/stm32g4xx_hal_pwr_ex.c.obj
 .debug_rnglists
                0x00000516       0xda CMakeFiles/hello_uart.dir/Drivers/STM32G4xx_HAL_Driver/Src/stm32g4xx_hal_cortex.c.obj
 .debug_rnglists
                0x000005f0      0x178 CMakeFiles/hello_uart.dir/Drivers/STM32G4xx_HAL_Driver/Src/stm32g4xx_hal_spi.c.obj
 .debug_rnglists
                0x00000768      0x1fa CMakeFiles/hello_uart.dir/Drivers/STM32G4xx_HAL_Driver/Src/stm32g4xx_hal_uart.c.obj
 .debug_rnglists
                0x00000962       0x7f CMakeFiles/hello_uart.dir/Drivers/STM32G4xx_HAL_Driver/Src/stm32g4xx_hal_uart_ex.c.obj
 .debug_rnglists
                0x000009e1       0x1a CMakeFiles/hello_uart.dir/Core/Src/system_stm32g4xx.c.obj
 .debug_rnglists
                0x000009fb       0x13 CMakeFiles/hello_uart.dir/Core/Src/sysmem.c.obj
 .debug_rnglists
                0x00000a0e       0x19 CMakeFiles/hello_uart.dir/startup_stm32g431xx.s.obj
 .debug_rnglists
                0x00000a27       0x19 C:/ST/STM32CubeCLT_1.17.0/GNU-tools-for-STM32/bin/../lib/gcc/arm-none-eabi/12.3.1/../../../../arm-none-eabi/lib/thumb/v7e-m+fp/hard\libg_nano.a(libc_a-atoi.o)
 .debug_rnglists
                0x00000a40       0x26 C:/ST/STM32CubeCLT_1.17.0/GNU-tools-for-STM32/bin/../lib/gcc/arm-none-eabi/12.3.1/../../../../arm-none-eabi/lib/thumb/v7e-m+fp/hard\libg_nano.a(libc_a-strtol.o)
 .debug_rnglists
                0x00000a66       0x19 C:/ST/STM32CubeCLT_1.17.0/GNU-tools-for-STM32/bin/../lib/gcc/arm-none-eabi/12.3.1/../../../../arm-none-eabi/lib/thumb/v7e-m+fp/hard\libg_nano.a(libc_a-sprintf.o)
 .debug_rnglists
                0x00000a7f       0x13 C:/ST/STM32CubeCLT_1.17.0/GNU-tools-for-STM32/bin/../lib/gcc/arm-none-eabi/12.3.1/../../../../arm-none-eabi/lib/thumb/v7e-m+fp/hard\libg_nano.a(libc_a-errno.o)
 .debug_rnglists
                0x00000a92       0x44 C:/ST/STM32CubeCLT_1.17.0/GNU-tools-for-STM32/bin/../lib/gcc/arm-none-eabi/12.3.1/../../../../arm-none-eabi/lib/thumb/v7e-m+fp/hard\libg_nano.a(libc_a-nano-svfprintf.o)
 .debug_rnglists
                0x00000ad6       0x66 C:/ST/STM32CubeCLT_1.17.0/GNU-tools-for-STM32/bin/../lib/gcc/arm-none-eabi/12.3.1/../../../../arm-none-eabi/lib/thumb/v7e-m+fp/hard\libg_nano.a(libc_a-nano-vfprintf_i.o)
 .debug_rnglists
                0x00000b3c       0x13 C:/ST/STM32CubeCLT_1.17.0/GNU-tools-for-STM32/bin/../lib/gcc/arm-none-eabi/12.3.1/../../../../arm-none-eabi/lib/thumb/v7e-m+fp/hard\libg_nano.a(libc_a-memmove.o)
 .debug_rnglists
                0x00000b4f       0x13 C:/ST/STM32CubeCLT_1.17.0/GNU-tools-for-STM32/bin/../lib/gcc/arm-none-eabi/12.3.1/../../../../arm-none-eabi/lib/thumb/v7e-m+fp/hard\libg_nano.a(libc_a-memcpy-stub.o)
 .debug_rnglists
                0x00000b62       0x13 C:/ST/STM32CubeCLT_1.17.0/GNU-tools-for-STM32/bin/../lib/gcc/arm-none-eabi/12.3.1/../../../../arm-none-eabi/lib/thumb/v7e-m+fp/hard\libg_nano.a(libc_a-reallocr.o)
 .debug_rnglists
                0x00000b75       0x13 C:/ST/STM32CubeCLT_1.17.0/GNU-tools-for-STM32/bin/../lib/gcc/arm-none-eabi/12.3.1/../../../../arm-none-eabi/lib/thumb/v7e-m+fp/hard\libg_nano.a(libc_a-msizer.o)

.debug_macro    0x00000000    0x1dead
 .debug_macro   0x00000000      0x30f CMakeFiles/hello_uart.dir/Core/Src/main.c.obj
 .debug_macro   0x0000030f      0xaba CMakeFiles/hello_uart.dir/Core/Src/main.c.obj
 .debug_macro   0x00000dc9      0x15b CMakeFiles/hello_uart.dir/Core/Src/main.c.obj
 .debug_macro   0x00000f24       0x2e CMakeFiles/hello_uart.dir/Core/Src/main.c.obj
 .debug_macro   0x00000f52       0x28 CMakeFiles/hello_uart.dir/Core/Src/main.c.obj
 .debug_macro   0x00000f7a       0x22 CMakeFiles/hello_uart.dir/Core/Src/main.c.obj
 .debug_macro   0x00000f9c       0x8e CMakeFiles/hello_uart.dir/Core/Src/main.c.obj
 .debug_macro   0x0000102a       0x51 CMakeFiles/hello_uart.dir/Core/Src/main.c.obj
 .debug_macro   0x0000107b      0x103 CMakeFiles/hello_uart.dir/Core/Src/main.c.obj
 .debug_macro   0x0000117e       0x6a CMakeFiles/hello_uart.dir/Core/Src/main.c.obj
 .debug_macro   0x000011e8      0x1df CMakeFiles/hello_uart.dir/Core/Src/main.c.obj
 .debug_macro   0x000013c7       0x1c CMakeFiles/hello_uart.dir/Core/Src/main.c.obj
 .debug_macro   0x000013e3       0x22 CMakeFiles/hello_uart.dir/Core/Src/main.c.obj
 .debug_macro   0x00001405       0xfb CMakeFiles/hello_uart.dir/Core/Src/main.c.obj
 .debug_macro   0x00001500     0x1011 CMakeFiles/hello_uart.dir/Core/Src/main.c.obj
 .debug_macro   0x00002511      0x11f CMakeFiles/hello_uart.dir/Core/Src/main.c.obj
 .debug_macro   0x00002630    0x1138f CMakeFiles/hello_uart.dir/Core/Src/main.c.obj
 .debug_macro   0x000139bf       0x6d CMakeFiles/hello_uart.dir/Core/Src/main.c.obj
 .debug_macro   0x00013a2c     0x3558 CMakeFiles/hello_uart.dir/Core/Src/main.c.obj
 .debug_macro   0x00016f84      0x189 CMakeFiles/hello_uart.dir/Core/Src/main.c.obj
 .debug_macro   0x0001710d       0x5c CMakeFiles/hello_uart.dir/Core/Src/main.c.obj
 .debug_macro   0x00017169     0x141d CMakeFiles/hello_uart.dir/Core/Src/main.c.obj
 .debug_macro   0x00018586      0x535 CMakeFiles/hello_uart.dir/Core/Src/main.c.obj
 .debug_macro   0x00018abb      0x1b6 CMakeFiles/hello_uart.dir/Core/Src/main.c.obj
 .debug_macro   0x00018c71      0x288 CMakeFiles/hello_uart.dir/Core/Src/main.c.obj
 .debug_macro   0x00018ef9      0x41d CMakeFiles/hello_uart.dir/Core/Src/main.c.obj
 .debug_macro   0x00019316      0x18b CMakeFiles/hello_uart.dir/Core/Src/main.c.obj
 .debug_macro   0x000194a1       0x43 CMakeFiles/hello_uart.dir/Core/Src/main.c.obj
 .debug_macro   0x000194e4      0x23d CMakeFiles/hello_uart.dir/Core/Src/main.c.obj
 .debug_macro   0x00019721      0x211 CMakeFiles/hello_uart.dir/Core/Src/main.c.obj
 .debug_macro   0x00019932      0x401 CMakeFiles/hello_uart.dir/Core/Src/main.c.obj
 .debug_macro   0x00019d33      0x107 CMakeFiles/hello_uart.dir/Core/Src/main.c.obj
 .debug_macro   0x00019e3a      0x122 CMakeFiles/hello_uart.dir/Core/Src/main.c.obj
 .debug_macro   0x00019f5c      0x3d1 CMakeFiles/hello_uart.dir/Core/Src/main.c.obj
 .debug_macro   0x0001a32d      0x2fe CMakeFiles/hello_uart.dir/Core/Src/main.c.obj
 .debug_macro   0x0001a62b      0x693 CMakeFiles/hello_uart.dir/Core/Src/main.c.obj
 .debug_macro   0x0001acbe       0xa6 CMakeFiles/hello_uart.dir/Core/Src/main.c.obj
 .debug_macro   0x0001ad64      0x306 CMakeFiles/hello_uart.dir/Core/Src/main.c.obj
 .debug_macro   0x0001b06a       0x52 CMakeFiles/hello_uart.dir/Core/Src/main.c.obj
 .debug_macro   0x0001b0bc       0x22 CMakeFiles/hello_uart.dir/Core/Src/main.c.obj
 .debug_macro   0x0001b0de      0x100 CMakeFiles/hello_uart.dir/Core/Src/main.c.obj
 .debug_macro   0x0001b1de       0x74 CMakeFiles/hello_uart.dir/Core/Src/main.c.obj
 .debug_macro   0x0001b252       0x2a CMakeFiles/hello_uart.dir/Core/Src/main.c.obj
 .debug_macro   0x0001b27c       0x3c CMakeFiles/hello_uart.dir/Core/Src/main.c.obj
 .debug_macro   0x0001b2b8       0x34 CMakeFiles/hello_uart.dir/Core/Src/main.c.obj
 .debug_macro   0x0001b2ec       0x16 CMakeFiles/hello_uart.dir/Core/Src/main.c.obj
 .debug_macro   0x0001b302       0x35 CMakeFiles/hello_uart.dir/Core/Src/main.c.obj
 .debug_macro   0x0001b337      0x369 CMakeFiles/hello_uart.dir/Core/Src/main.c.obj
 .debug_macro   0x0001b6a0       0x10 CMakeFiles/hello_uart.dir/Core/Src/main.c.obj
 .debug_macro   0x0001b6b0       0x16 CMakeFiles/hello_uart.dir/Core/Src/main.c.obj
 .debug_macro   0x0001b6c6       0x43 CMakeFiles/hello_uart.dir/Core/Src/main.c.obj
 .debug_macro   0x0001b709       0x34 CMakeFiles/hello_uart.dir/Core/Src/main.c.obj
 .debug_macro   0x0001b73d       0x10 CMakeFiles/hello_uart.dir/Core/Src/main.c.obj
 .debug_macro   0x0001b74d       0x58 CMakeFiles/hello_uart.dir/Core/Src/main.c.obj
 .debug_macro   0x0001b7a5      0x1de CMakeFiles/hello_uart.dir/Core/Src/main.c.obj
 .debug_macro   0x0001b983       0x16 CMakeFiles/hello_uart.dir/Core/Src/main.c.obj
 .debug_macro   0x0001b999       0x16 CMakeFiles/hello_uart.dir/Core/Src/main.c.obj
 .debug_macro   0x0001b9af      0x170 CMakeFiles/hello_uart.dir/Core/Src/main.c.obj
 .debug_macro   0x0001bb1f       0x4c CMakeFiles/hello_uart.dir/Core/Src/main.c.obj
 .debug_macro   0x0001bb6b       0x16 CMakeFiles/hello_uart.dir/Core/Src/main.c.obj
 .debug_macro   0x0001bb81       0x16 CMakeFiles/hello_uart.dir/Core/Src/main.c.obj
 .debug_macro   0x0001bb97       0x29 CMakeFiles/hello_uart.dir/Core/Src/main.c.obj
 .debug_macro   0x0001bbc0      0x19b CMakeFiles/hello_uart.dir/Core/Src/main.c.obj
 .debug_macro   0x0001bd5b      0x2d2 CMakeFiles/hello_uart.dir/Core/Src/stm32g4xx_it.c.obj
 .debug_macro   0x0001c02d      0x2c8 CMakeFiles/hello_uart.dir/Core/Src/stm32g4xx_hal_msp.c.obj
 .debug_macro   0x0001c2f5      0x1fc CMakeFiles/hello_uart.dir/Drivers/BSP/STM32G4xx_Nucleo/stm32g4xx_nucleo.c.obj
 .debug_macro   0x0001c4f1       0x1c CMakeFiles/hello_uart.dir/Drivers/BSP/STM32G4xx_Nucleo/stm32g4xx_nucleo.c.obj
 .debug_macro   0x0001c50d      0x21d CMakeFiles/hello_uart.dir/Drivers/STM32G4xx_HAL_Driver/Src/stm32g4xx_hal.c.obj
 .debug_macro   0x0001c72a      0x211 CMakeFiles/hello_uart.dir/Drivers/STM32G4xx_HAL_Driver/Src/stm32g4xx_hal_rcc.c.obj
 .debug_macro   0x0001c93b      0x1f9 CMakeFiles/hello_uart.dir/Drivers/STM32G4xx_HAL_Driver/Src/stm32g4xx_hal_rcc_ex.c.obj
 .debug_macro   0x0001cb34      0x1d6 CMakeFiles/hello_uart.dir/Drivers/STM32G4xx_HAL_Driver/Src/stm32g4xx_hal_gpio.c.obj
 .debug_macro   0x0001cd0a      0x1cf CMakeFiles/hello_uart.dir/Drivers/STM32G4xx_HAL_Driver/Src/stm32g4xx_hal_dma.c.obj
 .debug_macro   0x0001ced9      0x1f9 CMakeFiles/hello_uart.dir/Drivers/STM32G4xx_HAL_Driver/Src/stm32g4xx_hal_pwr_ex.c.obj
 .debug_macro   0x0001d0d2      0x1cf CMakeFiles/hello_uart.dir/Drivers/STM32G4xx_HAL_Driver/Src/stm32g4xx_hal_cortex.c.obj
 .debug_macro   0x0001d2a1      0x1d7 CMakeFiles/hello_uart.dir/Drivers/STM32G4xx_HAL_Driver/Src/stm32g4xx_hal_spi.c.obj
 .debug_macro   0x0001d478      0x1fa CMakeFiles/hello_uart.dir/Drivers/STM32G4xx_HAL_Driver/Src/stm32g4xx_hal_uart.c.obj
 .debug_macro   0x0001d672      0x1db CMakeFiles/hello_uart.dir/Drivers/STM32G4xx_HAL_Driver/Src/stm32g4xx_hal_uart_ex.c.obj
 .debug_macro   0x0001d84d      0x1cf CMakeFiles/hello_uart.dir/Core/Src/system_stm32g4xx.c.obj
 .debug_macro   0x0001da1c       0xec CMakeFiles/hello_uart.dir/Core/Src/sysmem.c.obj
 .debug_macro   0x0001db08       0x10 CMakeFiles/hello_uart.dir/Core/Src/sysmem.c.obj
 .debug_macro   0x0001db18       0x6e CMakeFiles/hello_uart.dir/Core/Src/sysmem.c.obj
 .debug_macro   0x0001db86       0x94 CMakeFiles/hello_uart.dir/Core/Src/sysmem.c.obj
 .debug_macro   0x0001dc1a       0x57 CMakeFiles/hello_uart.dir/Core/Src/sysmem.c.obj